
Optional file libmchp_peripheral.a not found

Optional file libmchp_peripheral_32MX250F128B.a not found
Archive member included because of file (symbol)

c:/program files (x86)/microchip/xc32/v2.05/bin/bin/../../lib/gcc/pic32mx/4.8.3/../../../../pic32mx/lib\libpic32.a(memcpy.o)
                              build/default/production/_ext/425215177/usb_device.o (memcpy)
c:/program files (x86)/microchip/xc32/v2.05/bin/bin/../../lib/gcc/pic32mx/4.8.3/../../../../pic32mx/lib\libpic32.a(default-bootstrap-exception-handler.o)
                              c:/program files (x86)/microchip/xc32/v2.05/bin/bin/../../lib/gcc/pic32mx/4.8.3/../../../../pic32mx/lib/./proc/32MX250F128B/crt0_mips32r2.o (_bootstrap_exception_handler)
c:/program files (x86)/microchip/xc32/v2.05/bin/bin/../../lib/gcc/pic32mx/4.8.3/../../../../pic32mx/lib\libpic32.a(default-on-reset.o)
                              c:/program files (x86)/microchip/xc32/v2.05/bin/bin/../../lib/gcc/pic32mx/4.8.3/../../../../pic32mx/lib/./proc/32MX250F128B/crt0_mips32r2.o (_on_reset)
c:/program files (x86)/microchip/xc32/v2.05/bin/bin/../../lib/gcc/pic32mx/4.8.3/../../../../pic32mx/lib\libpic32.a(default-on-bootstrap.o)
                              c:/program files (x86)/microchip/xc32/v2.05/bin/bin/../../lib/gcc/pic32mx/4.8.3/../../../../pic32mx/lib/./proc/32MX250F128B/crt0_mips32r2.o (_on_bootstrap)
c:/program files (x86)/microchip/xc32/v2.05/bin/bin/../../lib/gcc/pic32mx/4.8.3/../../../../pic32mx/lib\libpic32.a(default-nmi-handler.o)
                              c:/program files (x86)/microchip/xc32/v2.05/bin/bin/../../lib/gcc/pic32mx/4.8.3/../../../../pic32mx/lib/./proc/32MX250F128B/crt0_mips32r2.o (_nmi_handler)
c:/program files (x86)/microchip/xc32/v2.05/bin/bin/../../lib/gcc/pic32mx/4.8.3/../../../../pic32mx/lib\libpic32.a(general-exception.o)
                              c:/program files (x86)/microchip/xc32/v2.05/bin/bin/../../lib/gcc/pic32mx/4.8.3/../../../../pic32mx/lib/./proc/32MX250F128B/crt0_mips32r2.o (_general_exception_context)
c:/program files (x86)/microchip/xc32/v2.05/bin/bin/../../lib/gcc/pic32mx/4.8.3/../../../../pic32mx/lib\libpic32.a(vector0.o)
                              c:/program files (x86)/microchip/xc32/v2.05/bin/bin/../../lib/gcc/pic32mx/4.8.3/../../../../pic32mx/lib/./proc/32MX250F128B\default_isr_vectors.o (__vector_dispatch_0)
c:/program files (x86)/microchip/xc32/v2.05/bin/bin/../../lib/gcc/pic32mx/4.8.3/../../../../pic32mx/lib\libpic32.a(vector1.o)
                              c:/program files (x86)/microchip/xc32/v2.05/bin/bin/../../lib/gcc/pic32mx/4.8.3/../../../../pic32mx/lib/./proc/32MX250F128B\default_isr_vectors.o (__vector_dispatch_1)
c:/program files (x86)/microchip/xc32/v2.05/bin/bin/../../lib/gcc/pic32mx/4.8.3/../../../../pic32mx/lib\libpic32.a(vector2.o)
                              c:/program files (x86)/microchip/xc32/v2.05/bin/bin/../../lib/gcc/pic32mx/4.8.3/../../../../pic32mx/lib/./proc/32MX250F128B\default_isr_vectors.o (__vector_dispatch_2)
c:/program files (x86)/microchip/xc32/v2.05/bin/bin/../../lib/gcc/pic32mx/4.8.3/../../../../pic32mx/lib\libpic32.a(vector3.o)
                              c:/program files (x86)/microchip/xc32/v2.05/bin/bin/../../lib/gcc/pic32mx/4.8.3/../../../../pic32mx/lib/./proc/32MX250F128B\default_isr_vectors.o (__vector_dispatch_3)
c:/program files (x86)/microchip/xc32/v2.05/bin/bin/../../lib/gcc/pic32mx/4.8.3/../../../../pic32mx/lib\libpic32.a(vector4.o)
                              c:/program files (x86)/microchip/xc32/v2.05/bin/bin/../../lib/gcc/pic32mx/4.8.3/../../../../pic32mx/lib/./proc/32MX250F128B\default_isr_vectors.o (__vector_dispatch_4)
c:/program files (x86)/microchip/xc32/v2.05/bin/bin/../../lib/gcc/pic32mx/4.8.3/../../../../pic32mx/lib\libpic32.a(vector5.o)
                              c:/program files (x86)/microchip/xc32/v2.05/bin/bin/../../lib/gcc/pic32mx/4.8.3/../../../../pic32mx/lib/./proc/32MX250F128B\default_isr_vectors.o (__vector_dispatch_5)
c:/program files (x86)/microchip/xc32/v2.05/bin/bin/../../lib/gcc/pic32mx/4.8.3/../../../../pic32mx/lib\libpic32.a(vector6.o)
                              c:/program files (x86)/microchip/xc32/v2.05/bin/bin/../../lib/gcc/pic32mx/4.8.3/../../../../pic32mx/lib/./proc/32MX250F128B\default_isr_vectors.o (__vector_dispatch_6)
c:/program files (x86)/microchip/xc32/v2.05/bin/bin/../../lib/gcc/pic32mx/4.8.3/../../../../pic32mx/lib\libpic32.a(vector7.o)
                              c:/program files (x86)/microchip/xc32/v2.05/bin/bin/../../lib/gcc/pic32mx/4.8.3/../../../../pic32mx/lib/./proc/32MX250F128B\default_isr_vectors.o (__vector_dispatch_7)
c:/program files (x86)/microchip/xc32/v2.05/bin/bin/../../lib/gcc/pic32mx/4.8.3/../../../../pic32mx/lib\libpic32.a(vector8.o)
                              c:/program files (x86)/microchip/xc32/v2.05/bin/bin/../../lib/gcc/pic32mx/4.8.3/../../../../pic32mx/lib/./proc/32MX250F128B\default_isr_vectors.o (__vector_dispatch_8)
[...]
Memory Configuration

Name             Origin             Length             Attributes
kseg0_program_mem 0x9d000000         0x0001f000         xr
exception_mem    0x9d01f000         0x00001000
debug_exec_mem   0x9fc00490         0x00000760
kseg0_boot_mem   0x9fc00490         0x00000000
kseg1_boot_mem   0xbfc00000         0x00000490
config3          0xbfc00bf0         0x00000004
config2          0xbfc00bf4         0x00000004
config1          0xbfc00bf8         0x00000004
config0          0xbfc00bfc         0x00000004
kseg1_data_mem   0xa0000000         0x00008000         w !x
sfrs             0xbf800000         0x00100000
configsfrs       0xbfc00bf0         0x00000010
*default*        0x00000000         0xffffffff

Linker script and memory map

LOAD c:/program files (x86)/microchip/xc32/v2.05/bin/bin/../../lib/gcc/pic32mx/4.8.3/../../../../pic32mx/lib/./proc/32MX250F128B/crt0_mips32r2.o
LOAD c:/program files (x86)/microchip/xc32/v2.05/bin/bin/../../lib/gcc/pic32mx/4.8.3/../../../../pic32mx/lib\debug-exception-return.o
LOAD build/default/production/_ext/813635036/sys_int_pic32.o
LOAD build/default/production/_ext/1929468124/drv_usbfs.o
LOAD build/default/production/_ext/425215177/usb_device.o
LOAD build/default/production/_ext/1929468124/drv_usbfs_device.o
LOAD build/default/production/_ext/425215177/usb_device_cdc.o
LOAD build/default/production/_ext/425215177/usb_device_cdc_acm.o
LOAD build/default/production/_ext/1360937237/app.o
LOAD build/default/production/_ext/639803181/sys_clk_pic32mx.o
LOAD build/default/production/_ext/340578644/sys_devcon.o
LOAD build/default/production/_ext/340578644/sys_devcon_pic32mx.o
LOAD build/default/production/_ext/1688732426/system_init.o
LOAD build/default/production/_ext/1688732426/system_interrupt.o
LOAD build/default/production/_ext/1688732426/system_exceptions.o
LOAD build/default/production/_ext/1360937237/main.o
LOAD build/default/production/_ext/1688732426/system_tasks.o
LOAD ..\..\..\..\..\..\..\..\..\..\microchip\harmony\v2_05_01\bin\framework\peripheral\PIC32MX250F128B_peripherals.a
                0x00000001                __MPLAB_BUILD = 0x1
                0x00000000                _min_heap_size = 0x0
LOAD c:/program files (x86)/microchip/xc32/v2.05/bin/bin/../../lib/gcc/pic32mx/4.8.3/../../../../pic32mx/lib/./proc/32MX250F128B\default_isr_vectors.o
LOAD c:/program files (x86)/microchip/xc32/v2.05/bin/bin/../../lib/gcc/pic32mx/4.8.3/../../../../pic32mx/lib\pic32_software_reset.o
                0x00000400                PROVIDE (_min_stack_size, 0x400)
LOAD c:/program files (x86)/microchip/xc32/v2.05/bin/bin/../../lib/gcc/pic32mx/4.8.3/../../../../pic32mx/lib/./proc/32MX250F128B\processor.o
START GROUP
LOAD libmchp_peripheral.a
END GROUP
START GROUP
LOAD libmchp_peripheral_32MX250F128B.a
END GROUP
                0x00000001                PROVIDE (_vector_spacing, 0x1)
                0x9d01f000                PROVIDE (_ebase_address, 0x9d01f000)
                0xbfc00000                _RESET_ADDR = 0xbfc00000
                0xbfc00380                _BEV_EXCPT_ADDR = 0xbfc00380
                0xbfc00480                _DBG_EXCPT_ADDR = 0xbfc00480
                0x9fc00490                _DBG_CODE_ADDR = 0x9fc00490
                0x00000760                _DBG_CODE_SIZE = 0x760
                0x9d01f180                _GEN_EXCPT_ADDR = (_ebase_address + 0x180)

.config_BFC00BF0
                0xbfc00bf0        0x4
 *(.config_BFC00BF0)
 .config_BFC00BF0
                0xbfc00bf0        0x4 build/default/production/_ext/1688732426/system_init.o

.config_BFC00BF4
                0xbfc00bf4        0x4
 *(.config_BFC00BF4)
 .config_BFC00BF4
                0xbfc00bf4        0x4 build/default/production/_ext/1688732426/system_init.o

.config_BFC00BF8
                0xbfc00bf8        0x4
 *(.config_BFC00BF8)
 .config_BFC00BF8
                0xbfc00bf8        0x4 build/default/production/_ext/1688732426/system_init.o

.config_BFC00BFC
                0xbfc00bfc        0x4
 *(.config_BFC00BFC)
 .config_BFC00BFC
                0xbfc00bfc        0x4 build/default/production/_ext/1688732426/system_init.o
                0xbfc02000                PROVIDE (_DBG_CODE_ADDR, 0xbfc02000)
                0x00000ff0                PROVIDE (_DBG_CODE_SIZE, 0xff0)

.reset          0xbfc00000      0x1e4
 *(.reset)
 .reset         0xbfc00000        0x8 c:/program files (x86)/microchip/xc32/v2.05/bin/bin/../../lib/gcc/pic32mx/4.8.3/../../../../pic32mx/lib/./proc/32MX250F128B/crt0_mips32r2.o
                0xbfc00000                _reset
 *(.reset.startup)
 .reset.startup
                0xbfc00008      0x1dc c:/program files (x86)/microchip/xc32/v2.05/bin/bin/../../lib/gcc/pic32mx/4.8.3/../../../../pic32mx/lib/./proc/32MX250F128B/crt0_mips32r2.o
                0xbfc00008                _startup

.bev_excpt      0xbfc00380       0x10
 *(.bev_handler)
 .bev_handler   0xbfc00380       0x10 c:/program files (x86)/microchip/xc32/v2.05/bin/bin/../../lib/gcc/pic32mx/4.8.3/../../../../pic32mx/lib/./proc/32MX250F128B/crt0_mips32r2.o

.dbg_excpt      0xbfc00480        0x0
                0xbfc00480                . = (. + DEFINED (_DEBUGGER)?0x8:0x0)

.dbg_code       0x9fc00490        0x0
                0x9fc00490                . = (. + DEFINED (_DEBUGGER)?_DBG_CODE_SIZE:0x0)

.app_excpt      0x9d01f180       0x10
 *(.gen_handler)
 .gen_handler   0x9d01f180       0x10 c:/program files (x86)/microchip/xc32/v2.05/bin/bin/../../lib/gcc/pic32mx/4.8.3/../../../../pic32mx/lib/./proc/32MX250F128B/crt0_mips32r2.o

.vector_0       0x9d01f200        0x8
 *(.vector_0)
 .vector_0      0x9d01f200        0x8 c:/program files (x86)/microchip/xc32/v2.05/bin/bin/../../lib/gcc/pic32mx/4.8.3/../../../../pic32mx/lib\libpic32.a(vector0.o)
                0x9d01f200                __vector_dispatch_0
                0x00000001                ASSERT (((_vector_spacing == 0x0) || (SIZEOF (.vector_0) <= (_vector_spacing << 0x5))), function at exception vector 0 too large)

.vector_1       0x9d01f220        0x8
 *(.vector_1)
 .vector_1      0x9d01f220        0x8 c:/program files (x86)/microchip/xc32/v2.05/bin/bin/../../lib/gcc/pic32mx/4.8.3/../../../../pic32mx/lib\libpic32.a(vector1.o)
                0x9d01f220                __vector_dispatch_1
                0x00000001                ASSERT (((_vector_spacing == 0x0) || (SIZEOF (.vector_1) <= (_vector_spacing << 0x5))), function at exception vector 1 too large)

.vector_2       0x9d01f240        0x8
 *(.vector_2)
 .vector_2      0x9d01f240        0x8 c:/program files (x86)/microchip/xc32/v2.05/bin/bin/../../lib/gcc/pic32mx/4.8.3/../../../../pic32mx/lib\libpic32.a(vector2.o)
                0x9d01f240                __vector_dispatch_2
                0x00000001                ASSERT (((_vector_spacing == 0x0) || (SIZEOF (.vector_2) <= (_vector_spacing << 0x5))), function at exception vector 2 too large)

.vector_3       0x9d01f260        0x8
 *(.vector_3)
 .vector_3      0x9d01f260        0x8 c:/program files (x86)/microchip/xc32/v2.05/bin/bin/../../lib/gcc/pic32mx/4.8.3/../../../../pic32mx/lib\libpic32.a(vector3.o)
                0x9d01f260                __vector_dispatch_3
                0x00000001                ASSERT (((_vector_spacing == 0x0) || (SIZEOF (.vector_3) <= (_vector_spacing << 0x5))), function at exception vector 3 too large)

.vector_4       0x9d01f280        0x8
 *(.vector_4)
 .vector_4      0x9d01f280        0x8 c:/program files (x86)/microchip/xc32/v2.05/bin/bin/../../lib/gcc/pic32mx/4.8.3/../../../../pic32mx/lib\libpic32.a(vector4.o)
                0x9d01f280                __vector_dispatch_4
                0x00000001                ASSERT (((_vector_spacing == 0x0) || (SIZEOF (.vector_4) <= (_vector_spacing << 0x5))), function at exception vector 4 too large)

.vector_5       0x9d01f2a0        0x8
 *(.vector_5)
 .vector_5      0x9d01f2a0        0x8 c:/program files (x86)/microchip/xc32/v2.05/bin/bin/../../lib/gcc/pic32mx/4.8.3/../../../../pic32mx/lib\libpic32.a(vector5.o)
                0x9d01f2a0                __vector_dispatch_5
                0x00000001                ASSERT (((_vector_spacing == 0x0) || (SIZEOF (.vector_5) <= (_vector_spacing << 0x5))), function at exception vector 5 too large)

.vector_6       0x9d01f2c0        0x8
 *(.vector_6)
 .vector_6      0x9d01f2c0        0x8 c:/program files (x86)/microchip/xc32/v2.05/bin/bin/../../lib/gcc/pic32mx/4.8.3/../../../../pic32mx/lib\libpic32.a(vector6.o)
                0x9d01f2c0                __vector_dispatch_6
                0x00000001                ASSERT (((_vector_spacing == 0x0) || (SIZEOF (.vector_6) <= (_vector_spacing << 0x5))), function at exception vector 6 too large)

.vector_7       0x9d01f2e0        0x8
 *(.vector_7)
 .vector_7      0x9d01f2e0        0x8 c:/program files (x86)/microchip/xc32/v2.05/bin/bin/../../lib/gcc/pic32mx/4.8.3/../../../../pic32mx/lib\libpic32.a(vector7.o)
                0x9d01f2e0                __vector_dispatch_7
                0x00000001                ASSERT (((_vector_spacing == 0x0) || (SIZEOF (.vector_7) <= (_vector_spacing << 0x5))), function at exception vector 7 too large)

.vector_8       0x9d01f300        0x8
 *(.vector_8)
 .vector_8      0x9d01f300        0x8 c:/program files (x86)/microchip/xc32/v2.05/bin/bin/../../lib/gcc/pic32mx/4.8.3/../../../../pic32mx/lib\libpic32.a(vector8.o)
                0x9d01f300                __vector_dispatch_8
                0x00000001                ASSERT (((_vector_spacing == 0x0) || (SIZEOF (.vector_8) <= (_vector_spacing << 0x5))), function at exception vector 8 too large)

.vector_9       0x9d01f320        0x8
 *(.vector_9)
 .vector_9      0x9d01f320        0x8 c:/program files (x86)/microchip/xc32/v2.05/bin/bin/../../lib/gcc/pic32mx/4.8.3/../../../../pic32mx/lib\libpic32.a(vector9.o)
                0x9d01f320                __vector_dispatch_9
                0x00000001                ASSERT (((_vector_spacing == 0x0) || (SIZEOF (.vector_9) <= (_vector_spacing << 0x5))), function at exception vector 9 too large)

.vector_10      0x9d01f340        0x8
 *(.vector_10)
 .vector_10     0x9d01f340        0x8 c:/program files (x86)/microchip/xc32/v2.05/bin/bin/../../lib/gcc/pic32mx/4.8.3/../../../../pic32mx/lib\libpic32.a(vector10.o)
                0x9d01f340                __vector_dispatch_10
                0x00000001                ASSERT (((_vector_spacing == 0x0) || (SIZEOF (.vector_10) <= (_vector_spacing << 0x5))), function at exception vector 10 too large)

.vector_11      0x9d01f360        0x8
 *(.vector_11)
 .vector_11     0x9d01f360        0x8 c:/program files (x86)/microchip/xc32/v2.05/bin/bin/../../lib/gcc/pic32mx/4.8.3/../../../../pic32mx/lib\libpic32.a(vector11.o)
                0x9d01f360                __vector_dispatch_11
                0x00000001                ASSERT (((_vector_spacing == 0x0) || (SIZEOF (.vector_11) <= (_vector_spacing << 0x5))), function at exception vector 11 too large)

.vector_12      0x9d01f380        0x8
 *(.vector_12)
 .vector_12     0x9d01f380        0x8 c:/program files (x86)/microchip/xc32/v2.05/bin/bin/../../lib/gcc/pic32mx/4.8.3/../../../../pic32mx/lib\libpic32.a(vector12.o)
                0x9d01f380                __vector_dispatch_12
                0x00000001                ASSERT (((_vector_spacing == 0x0) || (SIZEOF (.vector_12) <= (_vector_spacing << 0x5))), function at exception vector 12 too large)

.vector_13      0x9d01f3a0        0x8
 *(.vector_13)
 .vector_13     0x9d01f3a0        0x8 c:/program files (x86)/microchip/xc32/v2.05/bin/bin/../../lib/gcc/pic32mx/4.8.3/../../../../pic32mx/lib\libpic32.a(vector13.o)
                0x9d01f3a0                __vector_dispatch_13
                0x00000001                ASSERT (((_vector_spacing == 0x0) || (SIZEOF (.vector_13) <= (_vector_spacing << 0x5))), function at exception vector 13 too large)

.vector_14      0x9d01f3c0        0x8
 *(.vector_14)
 .vector_14     0x9d01f3c0        0x8 c:/program files (x86)/microchip/xc32/v2.05/bin/bin/../../lib/gcc/pic32mx/4.8.3/../../../../pic32mx/lib\libpic32.a(vector14.o)
                0x9d01f3c0                __vector_dispatch_14
                0x00000001                ASSERT (((_vector_spacing == 0x0) || (SIZEOF (.vector_14) <= (_vector_spacing << 0x5))), function at exception vector 14 too large)

.vector_15      0x9d01f3e0        0x8
 *(.vector_15)
 .vector_15     0x9d01f3e0        0x8 c:/program files (x86)/microchip/xc32/v2.05/bin/bin/../../lib/gcc/pic32mx/4.8.3/../../../../pic32mx/lib\libpic32.a(vector15.o)
                0x9d01f3e0                __vector_dispatch_15
                0x00000001                ASSERT (((_vector_spacing == 0x0) || (SIZEOF (.vector_15) <= (_vector_spacing << 0x5))), function at exception vector 15 too large)

.vector_16      0x9d01f400        0x8
 *(.vector_16)
 .vector_16     0x9d01f400        0x8 build/default/production/_ext/1688732426/system_interrupt.o
                0x9d01f400                __vector_dispatch_16
                0x00000001                ASSERT (((_vector_spacing == 0x0) || (SIZEOF (.vector_16) <= (_vector_spacing << 0x5))), function at exception vector 16 too large)

.vector_17      0x9d01f420        0x8
 *(.vector_17)
 .vector_17     0x9d01f420        0x8 c:/program files (x86)/microchip/xc32/v2.05/bin/bin/../../lib/gcc/pic32mx/4.8.3/../../../../pic32mx/lib\libpic32.a(vector17.o)
                0x9d01f420                __vector_dispatch_17
                0x00000001                ASSERT (((_vector_spacing == 0x0) || (SIZEOF (.vector_17) <= (_vector_spacing << 0x5))), function at exception vector 17 too large)

.vector_18      0x9d01f440        0x8
 *(.vector_18)
 .vector_18     0x9d01f440        0x8 c:/program files (x86)/microchip/xc32/v2.05/bin/bin/../../lib/gcc/pic32mx/4.8.3/../../../../pic32mx/lib\libpic32.a(vector18.o)
                0x9d01f440                __vector_dispatch_18
                0x00000001                ASSERT (((_vector_spacing == 0x0) || (SIZEOF (.vector_18) <= (_vector_spacing << 0x5))), function at exception vector 18 too large)

.vector_19      0x9d01f460        0x8
 *(.vector_19)
 .vector_19     0x9d01f460        0x8 c:/program files (x86)/microchip/xc32/v2.05/bin/bin/../../lib/gcc/pic32mx/4.8.3/../../../../pic32mx/lib\libpic32.a(vector19.o)
                0x9d01f460                __vector_dispatch_19
                0x00000001                ASSERT (((_vector_spacing == 0x0) || (SIZEOF (.vector_19) <= (_vector_spacing << 0x5))), function at exception vector 19 too large)

.vector_20      0x9d01f480        0x8
 *(.vector_20)
 .vector_20     0x9d01f480        0x8 c:/program files (x86)/microchip/xc32/v2.05/bin/bin/../../lib/gcc/pic32mx/4.8.3/../../../../pic32mx/lib\libpic32.a(vector20.o)
                0x9d01f480                __vector_dispatch_20
                0x00000001                ASSERT (((_vector_spacing == 0x0) || (SIZEOF (.vector_20) <= (_vector_spacing << 0x5))), function at exception vector 20 too large)

.vector_21      0x9d01f4a0        0x8
 *(.vector_21)
 .vector_21     0x9d01f4a0        0x8 c:/program files (x86)/microchip/xc32/v2.05/bin/bin/../../lib/gcc/pic32mx/4.8.3/../../../../pic32mx/lib\libpic32.a(vector21.o)
                0x9d01f4a0                __vector_dispatch_21
                0x00000001                ASSERT (((_vector_spacing == 0x0) || (SIZEOF (.vector_21) <= (_vector_spacing << 0x5))), function at exception vector 21 too large)

.vector_22      0x9d01f4c0        0x8
 *(.vector_22)
 .vector_22     0x9d01f4c0        0x8 c:/program files (x86)/microchip/xc32/v2.05/bin/bin/../../lib/gcc/pic32mx/4.8.3/../../../../pic32mx/lib\libpic32.a(vector22.o)
                0x9d01f4c0                __vector_dispatch_22
                0x00000001                ASSERT (((_vector_spacing == 0x0) || (SIZEOF (.vector_22) <= (_vector_spacing << 0x5))), function at exception vector 22 too large)

.vector_23      0x9d01f4e0        0x8
 *(.vector_23)
 .vector_23     0x9d01f4e0        0x8 c:/program files (x86)/microchip/xc32/v2.05/bin/bin/../../lib/gcc/pic32mx/4.8.3/../../../../pic32mx/lib\libpic32.a(vector23.o)
                0x9d01f4e0                __vector_dispatch_23
                0x00000001                ASSERT (((_vector_spacing == 0x0) || (SIZEOF (.vector_23) <= (_vector_spacing << 0x5))), function at exception vector 23 too large)

.vector_24      0x9d01f500        0x8
 *(.vector_24)
 .vector_24     0x9d01f500        0x8 c:/program files (x86)/microchip/xc32/v2.05/bin/bin/../../lib/gcc/pic32mx/4.8.3/../../../../pic32mx/lib\libpic32.a(vector24.o)
                0x9d01f500                __vector_dispatch_24
                0x00000001                ASSERT (((_vector_spacing == 0x0) || (SIZEOF (.vector_24) <= (_vector_spacing << 0x5))), function at exception vector 24 too large)

.vector_25      0x9d01f520        0x8
 *(.vector_25)
 .vector_25     0x9d01f520        0x8 c:/program files (x86)/microchip/xc32/v2.05/bin/bin/../../lib/gcc/pic32mx/4.8.3/../../../../pic32mx/lib\libpic32.a(vector25.o)
                0x9d01f520                __vector_dispatch_25
                0x00000001                ASSERT (((_vector_spacing == 0x0) || (SIZEOF (.vector_25) <= (_vector_spacing << 0x5))), function at exception vector 25 too large)

.vector_26      0x9d01f540        0x8
 *(.vector_26)
 .vector_26     0x9d01f540        0x8 c:/program files (x86)/microchip/xc32/v2.05/bin/bin/../../lib/gcc/pic32mx/4.8.3/../../../../pic32mx/lib\libpic32.a(vector26.o)
                0x9d01f540                __vector_dispatch_26
                0x00000001                ASSERT (((_vector_spacing == 0x0) || (SIZEOF (.vector_26) <= (_vector_spacing << 0x5))), function at exception vector 26 too large)

.vector_27      0x9d01f560        0x8
 *(.vector_27)
 .vector_27     0x9d01f560        0x8 c:/program files (x86)/microchip/xc32/v2.05/bin/bin/../../lib/gcc/pic32mx/4.8.3/../../../../pic32mx/lib\libpic32.a(vector27.o)
                0x9d01f560                __vector_dispatch_27
                0x00000001                ASSERT (((_vector_spacing == 0x0) || (SIZEOF (.vector_27) <= (_vector_spacing << 0x5))), function at exception vector 27 too large)

.vector_28      0x9d01f580        0x8
 *(.vector_28)
 .vector_28     0x9d01f580        0x8 c:/program files (x86)/microchip/xc32/v2.05/bin/bin/../../lib/gcc/pic32mx/4.8.3/../../../../pic32mx/lib\libpic32.a(vector28.o)
                0x9d01f580                __vector_dispatch_28
                0x00000001                ASSERT (((_vector_spacing == 0x0) || (SIZEOF (.vector_28) <= (_vector_spacing << 0x5))), function at exception vector 28 too large)

.vector_29      0x9d01f5a0        0x8
 *(.vector_29)
 .vector_29     0x9d01f5a0        0x8 c:/program files (x86)/microchip/xc32/v2.05/bin/bin/../../lib/gcc/pic32mx/4.8.3/../../../../pic32mx/lib\libpic32.a(vector29.o)
                0x9d01f5a0                __vector_dispatch_29
                0x00000001                ASSERT (((_vector_spacing == 0x0) || (SIZEOF (.vector_29) <= (_vector_spacing << 0x5))), function at exception vector 29 too large)

.vector_30      0x9d01f5c0        0x8
 *(.vector_30)
 .vector_30     0x9d01f5c0        0x8 build/default/production/_ext/1688732426/system_interrupt.o
                0x9d01f5c0                __vector_dispatch_30
                0x00000001                ASSERT (((_vector_spacing == 0x0) || (SIZEOF (.vector_30) <= (_vector_spacing << 0x5))), function at exception vector 30 too large)

.vector_31      0x9d01f5e0        0x8
 *(.vector_31)
 .vector_31     0x9d01f5e0        0x8 c:/program files (x86)/microchip/xc32/v2.05/bin/bin/../../lib/gcc/pic32mx/4.8.3/../../../../pic32mx/lib\libpic32.a(vector31.o)
                0x9d01f5e0                __vector_dispatch_31
                0x00000001                ASSERT (((_vector_spacing == 0x0) || (SIZEOF (.vector_31) <= (_vector_spacing << 0x5))), function at exception vector 31 too large)

.vector_32      0x9d01f600        0x8
 *(.vector_32)
 .vector_32     0x9d01f600        0x8 c:/program files (x86)/microchip/xc32/v2.05/bin/bin/../../lib/gcc/pic32mx/4.8.3/../../../../pic32mx/lib\libpic32.a(vector32.o)
                0x9d01f600                __vector_dispatch_32
                0x00000001                ASSERT (((_vector_spacing == 0x0) || (SIZEOF (.vector_32) <= (_vector_spacing << 0x5))), function at exception vector 32 too large)

.vector_33      0x9d01f620        0x8
 *(.vector_33)
 .vector_33     0x9d01f620        0x8 c:/program files (x86)/microchip/xc32/v2.05/bin/bin/../../lib/gcc/pic32mx/4.8.3/../../../../pic32mx/lib\libpic32.a(vector33.o)
                0x9d01f620                __vector_dispatch_33
                0x00000001                ASSERT (((_vector_spacing == 0x0) || (SIZEOF (.vector_33) <= (_vector_spacing << 0x5))), function at exception vector 33 too large)

.vector_34      0x9d01f640        0x8
 *(.vector_34)
 .vector_34     0x9d01f640        0x8 c:/program files (x86)/microchip/xc32/v2.05/bin/bin/../../lib/gcc/pic32mx/4.8.3/../../../../pic32mx/lib\libpic32.a(vector34.o)
                0x9d01f640                __vector_dispatch_34
                0x00000001                ASSERT (((_vector_spacing == 0x0) || (SIZEOF (.vector_34) <= (_vector_spacing << 0x5))), function at exception vector 34 too large)

.vector_35      0x9d01f660        0x8
 *(.vector_35)
 .vector_35     0x9d01f660        0x8 c:/program files (x86)/microchip/xc32/v2.05/bin/bin/../../lib/gcc/pic32mx/4.8.3/../../../../pic32mx/lib\libpic32.a(vector35.o)
                0x9d01f660                __vector_dispatch_35
                0x00000001                ASSERT (((_vector_spacing == 0x0) || (SIZEOF (.vector_35) <= (_vector_spacing << 0x5))), function at exception vector 35 too large)

.vector_36      0x9d01f680        0x8
 *(.vector_36)
 .vector_36     0x9d01f680        0x8 c:/program files (x86)/microchip/xc32/v2.05/bin/bin/../../lib/gcc/pic32mx/4.8.3/../../../../pic32mx/lib\libpic32.a(vector36.o)
                0x9d01f680                __vector_dispatch_36
                0x00000001                ASSERT (((_vector_spacing == 0x0) || (SIZEOF (.vector_36) <= (_vector_spacing << 0x5))), function at exception vector 36 too large)

.vector_37      0x9d01f6a0        0x8
 *(.vector_37)
 .vector_37     0x9d01f6a0        0x8 c:/program files (x86)/microchip/xc32/v2.05/bin/bin/../../lib/gcc/pic32mx/4.8.3/../../../../pic32mx/lib\libpic32.a(vector37.o)
                0x9d01f6a0                __vector_dispatch_37
                0x00000001                ASSERT (((_vector_spacing == 0x0) || (SIZEOF (.vector_37) <= (_vector_spacing << 0x5))), function at exception vector 37 too large)

.vector_38      0x9d01f6c0        0x8
 *(.vector_38)
 .vector_38     0x9d01f6c0        0x8 c:/program files (x86)/microchip/xc32/v2.05/bin/bin/../../lib/gcc/pic32mx/4.8.3/../../../../pic32mx/lib\libpic32.a(vector38.o)
                0x9d01f6c0                __vector_dispatch_38
                0x00000001                ASSERT (((_vector_spacing == 0x0) || (SIZEOF (.vector_38) <= (_vector_spacing << 0x5))), function at exception vector 38 too large)

.vector_39      0x9d01f6e0        0x8
 *(.vector_39)
 .vector_39     0x9d01f6e0        0x8 c:/program files (x86)/microchip/xc32/v2.05/bin/bin/../../lib/gcc/pic32mx/4.8.3/../../../../pic32mx/lib\libpic32.a(vector39.o)
                0x9d01f6e0                __vector_dispatch_39
                0x00000001                ASSERT (((_vector_spacing == 0x0) || (SIZEOF (.vector_39) <= (_vector_spacing << 0x5))), function at exception vector 39 too large)

.vector_40      0x9d01f700        0x8
 *(.vector_40)
 .vector_40     0x9d01f700        0x8 c:/program files (x86)/microchip/xc32/v2.05/bin/bin/../../lib/gcc/pic32mx/4.8.3/../../../../pic32mx/lib\libpic32.a(vector40.o)
                0x9d01f700                __vector_dispatch_40
                0x00000001                ASSERT (((_vector_spacing == 0x0) || (SIZEOF (.vector_40) <= (_vector_spacing << 0x5))), function at exception vector 40 too large)

.vector_41      0x9d01f720        0x8
 *(.vector_41)
 .vector_41     0x9d01f720        0x8 c:/program files (x86)/microchip/xc32/v2.05/bin/bin/../../lib/gcc/pic32mx/4.8.3/../../../../pic32mx/lib\libpic32.a(vector41.o)
                0x9d01f720                __vector_dispatch_41
                0x00000001                ASSERT (((_vector_spacing == 0x0) || (SIZEOF (.vector_41) <= (_vector_spacing << 0x5))), function at exception vector 41 too large)

.vector_42      0x9d01f740        0x8
 *(.vector_42)
 .vector_42     0x9d01f740        0x8 c:/program files (x86)/microchip/xc32/v2.05/bin/bin/../../lib/gcc/pic32mx/4.8.3/../../../../pic32mx/lib\libpic32.a(vector42.o)
                0x9d01f740                __vector_dispatch_42
                0x00000001                ASSERT (((_vector_spacing == 0x0) || (SIZEOF (.vector_42) <= (_vector_spacing << 0x5))), function at exception vector 42 too large)

.vector_43      0x9d01f760        0x8
 *(.vector_43)
 .vector_43     0x9d01f760        0x8 c:/program files (x86)/microchip/xc32/v2.05/bin/bin/../../lib/gcc/pic32mx/4.8.3/../../../../pic32mx/lib\libpic32.a(vector43.o)
                0x9d01f760                __vector_dispatch_43
                0x00000001                ASSERT (((_vector_spacing == 0x0) || (SIZEOF (.vector_43) <= (_vector_spacing << 0x5))), function at exception vector 43 too large)

.vector_44      0x9d01f780        0x0
 *(.vector_44)
                0x00000001                ASSERT (((_vector_spacing == 0x0) || (SIZEOF (.vector_44) <= (_vector_spacing << 0x5))), function at exception vector 44 too large)

.vector_45      0x9d01f7a0        0x0
 *(.vector_45)
                0x00000001                ASSERT (((_vector_spacing == 0x0) || (SIZEOF (.vector_45) <= (_vector_spacing << 0x5))), function at exception vector 45 too large)

.vector_46      0x9d01f7c0        0x0
 *(.vector_46)
                0x00000001                ASSERT (((_vector_spacing == 0x0) || (SIZEOF (.vector_46) <= (_vector_spacing << 0x5))), function at exception vector 46 too large)

.vector_47      0x9d01f7e0        0x0
 *(.vector_47)
                0x00000001                ASSERT (((_vector_spacing == 0x0) || (SIZEOF (.vector_47) <= (_vector_spacing << 0x5))), function at exception vector 47 too large)

.vector_48      0x9d01f800        0x0
 *(.vector_48)
                0x00000001                ASSERT (((_vector_spacing == 0x0) || (SIZEOF (.vector_48) <= (_vector_spacing << 0x5))), function at exception vector 48 too large)

.vector_49      0x9d01f820        0x0
 *(.vector_49)
                0x00000001                ASSERT (((_vector_spacing == 0x0) || (SIZEOF (.vector_49) <= (_vector_spacing << 0x5))), function at exception vector 49 too large)

.vector_50      0x9d01f840        0x0
 *(.vector_50)
                0x00000001                ASSERT (((_vector_spacing == 0x0) || (SIZEOF (.vector_50) <= (_vector_spacing << 0x5))), function at exception vector 50 too large)

.vector_51      0x9d01f860        0x0
 *(.vector_51)
                0x00000001                ASSERT (((_vector_spacing == 0x0) || (SIZEOF (.vector_51) <= (_vector_spacing << 0x5))), function at exception vector 51 too large)

.vector_52      0x9d01f880        0x0
 *(.vector_52)
                0x00000001                ASSERT (((_vector_spacing == 0x0) || (SIZEOF (.vector_52) <= (_vector_spacing << 0x5))), function at exception vector 52 too large)

.vector_53      0x9d01f8a0        0x0
 *(.vector_53)
                0x00000001                ASSERT (((_vector_spacing == 0x0) || (SIZEOF (.vector_53) <= (_vector_spacing << 0x5))), function at exception vector 53 too large)

.vector_54      0x9d01f8c0        0x0
 *(.vector_54)
                0x00000001                ASSERT (((_vector_spacing == 0x0) || (SIZEOF (.vector_54) <= (_vector_spacing << 0x5))), function at exception vector 54 too large)

.vector_55      0x9d01f8e0        0x0
 *(.vector_55)
                0x00000001                ASSERT (((_vector_spacing == 0x0) || (SIZEOF (.vector_55) <= (_vector_spacing << 0x5))), function at exception vector 55 too large)

.vector_56      0x9d01f900        0x0
 *(.vector_56)
                0x00000001                ASSERT (((_vector_spacing == 0x0) || (SIZEOF (.vector_56) <= (_vector_spacing << 0x5))), function at exception vector 56 too large)

.vector_57      0x9d01f920        0x0
 *(.vector_57)
                0x00000001                ASSERT (((_vector_spacing == 0x0) || (SIZEOF (.vector_57) <= (_vector_spacing << 0x5))), function at exception vector 57 too large)

.vector_58      0x9d01f940        0x0
 *(.vector_58)
                0x00000001                ASSERT (((_vector_spacing == 0x0) || (SIZEOF (.vector_58) <= (_vector_spacing << 0x5))), function at exception vector 58 too large)

.vector_59      0x9d01f960        0x0
 *(.vector_59)
                0x00000001                ASSERT (((_vector_spacing == 0x0) || (SIZEOF (.vector_59) <= (_vector_spacing << 0x5))), function at exception vector 59 too large)

.vector_60      0x9d01f980        0x0
 *(.vector_60)
                0x00000001                ASSERT (((_vector_spacing == 0x0) || (SIZEOF (.vector_60) <= (_vector_spacing << 0x5))), function at exception vector 60 too large)

.vector_61      0x9d01f9a0        0x0
 *(.vector_61)
                0x00000001                ASSERT (((_vector_spacing == 0x0) || (SIZEOF (.vector_61) <= (_vector_spacing << 0x5))), function at exception vector 61 too large)

.vector_62      0x9d01f9c0        0x0
 *(.vector_62)
                0x00000001                ASSERT (((_vector_spacing == 0x0) || (SIZEOF (.vector_62) <= (_vector_spacing << 0x5))), function at exception vector 62 too large)

.vector_63      0x9d01f9e0        0x0
 *(.vector_63)
                0x00000001                ASSERT (((_vector_spacing == 0x0) || (SIZEOF (.vector_63) <= (_vector_spacing << 0x5))), function at exception vector 63 too large)

.startup
 *(.startup)

.text           0x9d000000        0x0
 *(.stub .gnu.linkonce.t.*)
 *(.text.*personality*)
 *(.mips16.fn.*)
 *(.mips16.call.*)
 *(.gnu.warning)
                0x9d000000                . = ALIGN (0x4)

.init           0x9d000000        0x0
 *crti.o(.init)
 *crtbegin.o(.init)
 *(EXCLUDE_FILE(*crtn.o *crtend?.o *crtend.o) .init)
 *crtend.o(.init)
 *crtn.o(.init)
                0x9d000000                . = ALIGN (0x4)

.fini           0x9d000000        0x0
 *(.fini)
                0x9d000000                . = ALIGN (0x4)

.preinit_array  0x9d000000        0x0
                0x9d000000                PROVIDE (__preinit_array_start, .)
 *(.preinit_array)
                0x9d000000                PROVIDE (__preinit_array_end, .)
                0x9d000000                . = ALIGN (0x4)

.init_array     0x9d000000        0x0
                0x9d000000                PROVIDE (__init_array_start, .)
 *(SORT(.init_array.*))
 *(.init_array)
                0x9d000000                PROVIDE (__init_array_end, .)
                0x9d000000                . = ALIGN (0x4)

.fini_array     0x9d000000        0x0
                0x9d000000                PROVIDE (__fini_array_start, .)
 *(SORT(.fini_array.*))
 *(.fini_array)
                0x9d000000                PROVIDE (__fini_array_end, .)
                0x9d000000                . = ALIGN (0x4)

.ctors          0x9d000000        0x0
 *crtbegin.o(.ctors)
 *crtbegin?.o(.ctors)
 *(EXCLUDE_FILE(*crtend?.o *crtend.o) .ctors)
 *(SORT(.ctors.*))
 *(.ctors)
                0x9d000000                . = ALIGN (0x4)

.dtors          0x9d000000        0x0
 *crtbegin.o(.dtors)
 *crtbegin?.o(.dtors)
 *(EXCLUDE_FILE(*crtend?.o *crtend.o) .dtors)
 *(SORT(.dtors.*))
 *(.dtors)
                0x9d000000                . = ALIGN (0x4)

.rodata         0x9d000000        0x0
 *(.gnu.linkonce.r.*)
 *(.rodata1)
                0x9d000000                . = ALIGN (0x4)

.sdata2         0x9fc00490        0x0
 *(.sdata2 .sdata2.* .gnu.linkonce.s2.*)
                0x9fc00490                . = ALIGN (0x4)

.sbss2          0x9fc00490        0x0
 *(.sbss2 .sbss2.* .gnu.linkonce.sb2.*)
                0x9fc00490                . = ALIGN (0x4)

.eh_frame_hdr
 *(.eh_frame_hdr)
                0x9fc00490                . = ALIGN (0x4)

.eh_frame
 *(.eh_frame)
                0x9fc00490                . = ALIGN (0x4)

.gcc_except_table
 *(.gcc_except_table .gcc_except_table.*)
                0x9fc00490                . = ALIGN (0x4)

.dbg_data       0xa0000000        0x0
                0xa0000000                . = (. + DEFINED (_DEBUGGER)?0x200:0x0)

.jcr            0xa0000000        0x0
 *(.jcr)
                0xa0000000                . = ALIGN (0x4)

.eh_frame
 *(.eh_frame)
                0xa0000000                . = ALIGN (0x4)

.gcc_except_table
 *(.gcc_except_table .gcc_except_table.*)
                0xa0000000                . = ALIGN (0x4)

.persist        0xa0000000        0x0
                0xa0000000                _persist_begin = .
 *(.persist .persist.*)
 *(.pbss .pbss.*)
                0xa0000000                . = ALIGN (0x4)
                0xa0000000                _persist_end = .

.data           0xa0000000        0x0
 *(.gnu.linkonce.d.*)
 *(.data1)
                0xa0000000                . = ALIGN (0x4)
                0xa0000000                . = .
                0xa0007ff0                _gp = (ALIGN (0x10) + 0x7ff0)

.got            0xa0000000        0x0
 *(.got.plt)
 *(.got)
                0xa0000000                . = ALIGN (0x4)

.sdata          0xa0000000        0x0
                0xa0000000                _sdata_begin = .
 *(.sdata .sdata.* .gnu.linkonce.s.*)
                0xa0000000                . = ALIGN (0x4)
                0xa0000000                _sdata_end = .

.lit8
 *(.lit8)

.lit4
 *(.lit4)
                0xa0000000                . = ALIGN (0x4)
                0xa0000000                _data_end = .
                0xa0000000                _bss_begin = .

.sbss           0xa0000000       0x24
                0xa0000000                _sbss_begin = .
 *(.dynsbss)
 *(.sbss .sbss.* .gnu.linkonce.sb.*)
 .sbss          0xa0000000        0xc build/default/production/_ext/1688732426/system_exceptions.o
 *(.scommon)
 .scommon       0xa000000c        0x2 build/default/production/_ext/425215177/usb_device_cdc.o
                0xa000000c                gUSBDeviceCdcCommonDataObj
 *fill*         0xa000000e        0x2 
 .scommon       0xa0000010        0x4 build/default/production/_ext/1360937237/app.o
                0xa0000010                appData
 .scommon       0xa0000014        0x8 build/default/production/_ext/340578644/sys_devcon.o
                0xa0000014                sysDevconObj
 .scommon       0xa000001c        0x8 build/default/production/_ext/1688732426/system_init.o
                0xa000001c                sysObj
                0xa0000024                _sbss_end = .
                0xa0000024                . = ALIGN (0x4)

.bss            0xa0000200      0x220
 *(.dynbss)
 *(COMMON)
 COMMON         0xa0000200       0x68 build/default/production/_ext/1929468124/drv_usbfs.o
                0xa0000200                gDrvUSBGroup
 COMMON         0xa0000268       0xac build/default/production/_ext/425215177/usb_device_cdc.o
                0xa0000268                gUSBDeviceCDCIRP
                0xa00002d4                gUSBDeviceCDCInstance
 *fill*         0xa0000314       0xec 
 COMMON         0xa0000400       0x20 build/default/production/_ext/1688732426/system_init.o
                0xa0000400                endPointTable
                0xa0000420                . = ALIGN ((. != 0x0)?0x4:0x1)
                0xa0000420                . = ALIGN (0x4)
                0xa0000420                _end = .
                0xa0000420                _bss_end = .
                0x00008000                _bmxdudba_address = 0x8000
                0x00008000                _bmxdupba_address = 0x8000

/DISCARD/
 *(.pdr)
 *(.rel.dyn)
 *(.note.GNU-stack)
 *(.note.GNU-stack)
 *(.gnu_debuglink)
 *(.gnu.lto_*)
 *(.discard)

.gptab.sdata
 *(.gptab.data)
 *(.gptab.sdata)

.gptab.sbss
 *(.gptab.bss)
 *(.gptab.sbss)

.mdebug.abi32   0xa0000420        0x0
 *(.mdebug.abi32)
 .mdebug.abi32  0xa0000420        0x0 build/default/production/_ext/813635036/sys_int_pic32.o
 .mdebug.abi32  0xa0000420        0x0 build/default/production/_ext/1929468124/drv_usbfs.o
 .mdebug.abi32  0xa0000420        0x0 build/default/production/_ext/425215177/usb_device.o
 .mdebug.abi32  0xa0000420        0x0 build/default/production/_ext/1929468124/drv_usbfs_device.o
 .mdebug.abi32  0xa0000420        0x0 build/default/production/_ext/425215177/usb_device_cdc.o
 .mdebug.abi32  0xa0000420        0x0 build/default/production/_ext/425215177/usb_device_cdc_acm.o
 .mdebug.abi32  0xa0000420        0x0 build/default/production/_ext/1360937237/app.o
 .mdebug.abi32  0xa0000420        0x0 build/default/production/_ext/639803181/sys_clk_pic32mx.o
 .mdebug.abi32  0xa0000420        0x0 build/default/production/_ext/340578644/sys_devcon.o
 .mdebug.abi32  0xa0000420        0x0 build/default/production/_ext/340578644/sys_devcon_pic32mx.o
 .mdebug.abi32  0xa0000420        0x0 build/default/production/_ext/1688732426/system_init.o
 .mdebug.abi32  0xa0000420        0x0 build/default/production/_ext/1688732426/system_interrupt.o
 .mdebug.abi32  0xa0000420        0x0 build/default/production/_ext/1688732426/system_exceptions.o
 .mdebug.abi32  0xa0000420        0x0 build/default/production/_ext/1360937237/main.o
 .mdebug.abi32  0xa0000420        0x0 build/default/production/_ext/1688732426/system_tasks.o
 .mdebug.abi32  0xa0000420        0x0 c:/program files (x86)/microchip/xc32/v2.05/bin/bin/../../lib/gcc/pic32mx/4.8.3/../../../../pic32mx/lib\libpic32.a(default-bootstrap-exception-handler.o)
 .mdebug.abi32  0xa0000420        0x0 c:/program files (x86)/microchip/xc32/v2.05/bin/bin/../../lib/gcc/pic32mx/4.8.3/../../../../pic32mx/lib\libpic32.a(default-on-reset.o)
 .mdebug.abi32  0xa0000420        0x0 c:/program files (x86)/microchip/xc32/v2.05/bin/bin/../../lib/gcc/pic32mx/4.8.3/../../../../pic32mx/lib\libpic32.a(default-on-bootstrap.o)
 .mdebug.abi32  0xa0000420        0x0 c:/program files (x86)/microchip/xc32/v2.05/bin/bin/../../lib/gcc/pic32mx/4.8.3/../../../../pic32mx/lib\libpic32.a(defaultinterrupt.o)

.mdebug.abiN32
 *(.mdebug.abiN32)

.mdebug.abi64
 *(.mdebug.abi64)

.mdebug.abiO64
 *(.mdebug.abiO64)

.mdebug.eabi32
 *(.mdebug.eabi32)

.mdebug.eabi64
 *(.mdebug.eabi64)

.gcc_compiled_long32
 *(.gcc_compiled_long32)

.gcc_compiled_long64
 *(.gcc_compiled_long64)

.stab
 *(.stab)

.stabstr
 *(.stabstr)

.stab.excl
 *(.stab.excl)

.stab.exclstr
 *(.stab.exclstr)

.stab.index
 *(.stab.index)

.stab.indexstr
 *(.stab.indexstr)

.comment        0x00000000       0x3c
 *(.comment)
 .comment       0x00000000       0x3c build/default/production/_ext/813635036/sys_int_pic32.o
                                 0x3d (size before relaxing)
 .comment       0x00000000       0x3d build/default/production/_ext/1929468124/drv_usbfs.o
 .comment       0x00000000       0x3d build/default/production/_ext/425215177/usb_device.o
 .comment       0x00000000       0x3d build/default/production/_ext/1929468124/drv_usbfs_device.o
 .comment       0x00000000       0x3d build/default/production/_ext/425215177/usb_device_cdc.o
 .comment       0x00000000       0x3d build/default/production/_ext/425215177/usb_device_cdc_acm.o
 .comment       0x00000000       0x3d build/default/production/_ext/1360937237/app.o
 .comment       0x00000000       0x3d build/default/production/_ext/639803181/sys_clk_pic32mx.o
 .comment       0x00000000       0x3d build/default/production/_ext/340578644/sys_devcon.o
 .comment       0x00000000       0x3d build/default/production/_ext/340578644/sys_devcon_pic32mx.o
 .comment       0x00000000       0x3d build/default/production/_ext/1688732426/system_init.o
 .comment       0x00000000       0x3d build/default/production/_ext/1688732426/system_interrupt.o
 .comment       0x00000000       0x3d build/default/production/_ext/1688732426/system_exceptions.o
 .comment       0x00000000       0x3d build/default/production/_ext/1360937237/main.o
 .comment       0x00000000       0x3d build/default/production/_ext/1688732426/system_tasks.o
 .comment       0x00000000       0x3d c:/program files (x86)/microchip/xc32/v2.05/bin/bin/../../lib/gcc/pic32mx/4.8.3/../../../../pic32mx/lib\libpic32.a(default-bootstrap-exception-handler.o)
 .comment       0x00000000       0x3d c:/program files (x86)/microchip/xc32/v2.05/bin/bin/../../lib/gcc/pic32mx/4.8.3/../../../../pic32mx/lib\libpic32.a(default-on-reset.o)
 .comment       0x00000000       0x3d c:/program files (x86)/microchip/xc32/v2.05/bin/bin/../../lib/gcc/pic32mx/4.8.3/../../../../pic32mx/lib\libpic32.a(default-on-bootstrap.o)
 .comment       0x00000000       0x3d c:/program files (x86)/microchip/xc32/v2.05/bin/bin/../../lib/gcc/pic32mx/4.8.3/../../../../pic32mx/lib\libpic32.a(defaultinterrupt.o)

.debug
 *(.debug)

.line
 *(.line)

.debug_srcinfo
 *(.debug_srcinfo)

.debug_sfnames
 *(.debug_sfnames)

.debug_aranges  0x00000000      0x5e8
 *(.debug_aranges)
 .debug_aranges
                0x00000000       0x48 build/default/production/_ext/813635036/sys_int_pic32.o
 .debug_aranges
                0x00000048       0x60 build/default/production/_ext/1929468124/drv_usbfs.o
 .debug_aranges
                0x000000a8      0x1a0 build/default/production/_ext/425215177/usb_device.o
 .debug_aranges
                0x00000248       0xc0 build/default/production/_ext/1929468124/drv_usbfs_device.o
 .debug_aranges
                0x00000308       0x88 build/default/production/_ext/425215177/usb_device_cdc.o
 .debug_aranges
                0x00000390       0x20 build/default/production/_ext/425215177/usb_device_cdc_acm.o
 .debug_aranges
                0x000003b0       0x28 build/default/production/_ext/1360937237/app.o
 .debug_aranges
                0x000003d8       0x50 build/default/production/_ext/639803181/sys_clk_pic32mx.o
 .debug_aranges
                0x00000428       0x78 build/default/production/_ext/340578644/sys_devcon.o
 .debug_aranges
                0x000004a0       0x20 build/default/production/_ext/340578644/sys_devcon_pic32mx.o
 .debug_aranges
                0x000004c0       0x20 build/default/production/_ext/1688732426/system_init.o
 .debug_aranges
                0x000004e0       0x28 build/default/production/_ext/1688732426/system_interrupt.o
 .debug_aranges
                0x00000508       0x20 build/default/production/_ext/1688732426/system_exceptions.o
 .debug_aranges
                0x00000528       0x20 build/default/production/_ext/1360937237/main.o
 .debug_aranges
                0x00000548       0x20 build/default/production/_ext/1688732426/system_tasks.o
 .debug_aranges
                0x00000568       0x20 c:/program files (x86)/microchip/xc32/v2.05/bin/bin/../../lib/gcc/pic32mx/4.8.3/../../../../pic32mx/lib\libpic32.a(default-bootstrap-exception-handler.o)
 .debug_aranges
                0x00000588       0x20 c:/program files (x86)/microchip/xc32/v2.05/bin/bin/../../lib/gcc/pic32mx/4.8.3/../../../../pic32mx/lib\libpic32.a(default-on-reset.o)
 .debug_aranges
                0x000005a8       0x20 c:/program files (x86)/microchip/xc32/v2.05/bin/bin/../../lib/gcc/pic32mx/4.8.3/../../../../pic32mx/lib\libpic32.a(default-on-bootstrap.o)
 .debug_aranges
                0x000005c8       0x20 c:/program files (x86)/microchip/xc32/v2.05/bin/bin/../../lib/gcc/pic32mx/4.8.3/../../../../pic32mx/lib\libpic32.a(defaultinterrupt.o)

.debug_pubnames
 *(.debug_pubnames)

.debug_info     0x00000000    0x26034
 *(.debug_info .gnu.linkonce.wi.*)
 .debug_info    0x00000000     0x1164 build/default/production/_ext/813635036/sys_int_pic32.o
 .debug_info    0x00001164     0x49d9 build/default/production/_ext/1929468124/drv_usbfs.o
 .debug_info    0x00005b3d     0x5cb9 build/default/production/_ext/425215177/usb_device.o
 .debug_info    0x0000b7f6     0x7ef1 build/default/production/_ext/1929468124/drv_usbfs_device.o
 .debug_info    0x000136e7     0x3c4c build/default/production/_ext/425215177/usb_device_cdc.o
 .debug_info    0x00017333     0x145a build/default/production/_ext/425215177/usb_device_cdc_acm.o
 .debug_info    0x0001878d     0x2125 build/default/production/_ext/1360937237/app.o
 .debug_info    0x0001a8b2     0x171f build/default/production/_ext/639803181/sys_clk_pic32mx.o
 .debug_info    0x0001bfd1     0x1678 build/default/production/_ext/340578644/sys_devcon.o
 .debug_info    0x0001d649     0x109a build/default/production/_ext/340578644/sys_devcon_pic32mx.o
 .debug_info    0x0001e6e3     0x4a57 build/default/production/_ext/1688732426/system_init.o
 .debug_info    0x0002313a      0xe7a build/default/production/_ext/1688732426/system_interrupt.o
 .debug_info    0x00023fb4     0x106c build/default/production/_ext/1688732426/system_exceptions.o
 .debug_info    0x00025020      0x1d3 build/default/production/_ext/1360937237/main.o
 .debug_info    0x000251f3      0xac8 build/default/production/_ext/1688732426/system_tasks.o
 .debug_info    0x00025cbb       0xf3 c:/program files (x86)/microchip/xc32/v2.05/bin/bin/../../lib/gcc/pic32mx/4.8.3/../../../../pic32mx/lib\libpic32.a(default-bootstrap-exception-handler.o)
 .debug_info    0x00025dae       0xcc c:/program files (x86)/microchip/xc32/v2.05/bin/bin/../../lib/gcc/pic32mx/4.8.3/../../../../pic32mx/lib\libpic32.a(default-on-reset.o)
 .debug_info    0x00025e7a       0xd4 c:/program files (x86)/microchip/xc32/v2.05/bin/bin/../../lib/gcc/pic32mx/4.8.3/../../../../pic32mx/lib\libpic32.a(default-on-bootstrap.o)
 .debug_info    0x00025f4e       0xe6 c:/program files (x86)/microchip/xc32/v2.05/bin/bin/../../lib/gcc/pic32mx/4.8.3/../../../../pic32mx/lib\libpic32.a(defaultinterrupt.o)

.debug_abbrev   0x00000000     0x254d
 *(.debug_abbrev)
 .debug_abbrev  0x00000000      0x237 build/default/production/_ext/813635036/sys_int_pic32.o
 .debug_abbrev  0x00000237      0x42b build/default/production/_ext/1929468124/drv_usbfs.o
 .debug_abbrev  0x00000662      0x42f build/default/production/_ext/425215177/usb_device.o
 .debug_abbrev  0x00000a91      0x4c4 build/default/production/_ext/1929468124/drv_usbfs_device.o
 .debug_abbrev  0x00000f55      0x40b build/default/production/_ext/425215177/usb_device_cdc.o
 .debug_abbrev  0x00001360      0x1be build/default/production/_ext/425215177/usb_device_cdc_acm.o
 .debug_abbrev  0x0000151e      0x14c build/default/production/_ext/1360937237/app.o
 .debug_abbrev  0x0000166a      0x26b build/default/production/_ext/639803181/sys_clk_pic32mx.o
 .debug_abbrev  0x000018d5      0x2a0 build/default/production/_ext/340578644/sys_devcon.o
 .debug_abbrev  0x00001b75      0x204 build/default/production/_ext/340578644/sys_devcon_pic32mx.o
 .debug_abbrev  0x00001d79      0x330 build/default/production/_ext/1688732426/system_init.o
 .debug_abbrev  0x000020a9      0x14e build/default/production/_ext/1688732426/system_interrupt.o
 .debug_abbrev  0x000021f7      0x109 build/default/production/_ext/1688732426/system_exceptions.o
 .debug_abbrev  0x00002300       0x93 build/default/production/_ext/1360937237/main.o
 .debug_abbrev  0x00002393      0x11a build/default/production/_ext/1688732426/system_tasks.o
 .debug_abbrev  0x000024ad       0x28 c:/program files (x86)/microchip/xc32/v2.05/bin/bin/../../lib/gcc/pic32mx/4.8.3/../../../../pic32mx/lib\libpic32.a(default-bootstrap-exception-handler.o)
 .debug_abbrev  0x000024d5       0x28 c:/program files (x86)/microchip/xc32/v2.05/bin/bin/../../lib/gcc/pic32mx/4.8.3/../../../../pic32mx/lib\libpic32.a(default-on-reset.o)
 .debug_abbrev  0x000024fd       0x28 c:/program files (x86)/microchip/xc32/v2.05/bin/bin/../../lib/gcc/pic32mx/4.8.3/../../../../pic32mx/lib\libpic32.a(default-on-bootstrap.o)
 .debug_abbrev  0x00002525       0x28 c:/program files (x86)/microchip/xc32/v2.05/bin/bin/../../lib/gcc/pic32mx/4.8.3/../../../../pic32mx/lib\libpic32.a(defaultinterrupt.o)

.debug_line     0x00000000     0x4b6f
 *(.debug_line)
 .debug_line    0x00000000      0x2dd build/default/production/_ext/813635036/sys_int_pic32.o
 .debug_line    0x000002dd      0x767 build/default/production/_ext/1929468124/drv_usbfs.o
 .debug_line    0x00000a44      0x9f3 build/default/production/_ext/425215177/usb_device.o
 .debug_line    0x00001437      0xd7b build/default/production/_ext/1929468124/drv_usbfs_device.o
 .debug_line    0x000021b2      0x653 build/default/production/_ext/425215177/usb_device_cdc.o
 .debug_line    0x00002805      0x24b build/default/production/_ext/425215177/usb_device_cdc_acm.o
 .debug_line    0x00002a50      0x1fd build/default/production/_ext/1360937237/app.o
 .debug_line    0x00002c4d      0x497 build/default/production/_ext/639803181/sys_clk_pic32mx.o
 .debug_line    0x000030e4      0x64f build/default/production/_ext/340578644/sys_devcon.o
 .debug_line    0x00003733      0x3b0 build/default/production/_ext/340578644/sys_devcon_pic32mx.o
 .debug_line    0x00003ae3      0x662 build/default/production/_ext/1688732426/system_init.o
 .debug_line    0x00004145      0x241 build/default/production/_ext/1688732426/system_interrupt.o
 .debug_line    0x00004386      0x1e3 build/default/production/_ext/1688732426/system_exceptions.o
 .debug_line    0x00004569       0xe2 build/default/production/_ext/1360937237/main.o
 .debug_line    0x0000464b      0x2b3 build/default/production/_ext/1688732426/system_tasks.o
 .debug_line    0x000048fe       0xa5 c:/program files (x86)/microchip/xc32/v2.05/bin/bin/../../lib/gcc/pic32mx/4.8.3/../../../../pic32mx/lib\libpic32.a(default-bootstrap-exception-handler.o)
 .debug_line    0x000049a3       0x92 c:/program files (x86)/microchip/xc32/v2.05/bin/bin/../../lib/gcc/pic32mx/4.8.3/../../../../pic32mx/lib\libpic32.a(default-on-reset.o)
 .debug_line    0x00004a35       0x96 c:/program files (x86)/microchip/xc32/v2.05/bin/bin/../../lib/gcc/pic32mx/4.8.3/../../../../pic32mx/lib\libpic32.a(default-on-bootstrap.o)
 .debug_line    0x00004acb       0xa4 c:/program files (x86)/microchip/xc32/v2.05/bin/bin/../../lib/gcc/pic32mx/4.8.3/../../../../pic32mx/lib\libpic32.a(defaultinterrupt.o)

.debug_frame    0x00000000      0xd74
 *(.debug_frame)
 .debug_frame   0x00000000       0x90 build/default/production/_ext/813635036/sys_int_pic32.o
 .debug_frame   0x00000090       0xc8 build/default/production/_ext/1929468124/drv_usbfs.o
 .debug_frame   0x00000158      0x4d8 build/default/production/_ext/425215177/usb_device.o
 .debug_frame   0x00000630      0x1e4 build/default/production/_ext/1929468124/drv_usbfs_device.o
 .debug_frame   0x00000814      0x17c build/default/production/_ext/425215177/usb_device_cdc.o
 .debug_frame   0x00000990       0x28 build/default/production/_ext/425215177/usb_device_cdc_acm.o
 .debug_frame   0x000009b8       0x30 build/default/production/_ext/1360937237/app.o
 .debug_frame   0x000009e8       0xa0 build/default/production/_ext/639803181/sys_clk_pic32mx.o
 .debug_frame   0x00000a88       0xe8 build/default/production/_ext/340578644/sys_devcon.o
 .debug_frame   0x00000b70       0x28 build/default/production/_ext/340578644/sys_devcon_pic32mx.o
 .debug_frame   0x00000b98       0x28 build/default/production/_ext/1688732426/system_init.o
 .debug_frame   0x00000bc0       0xb0 build/default/production/_ext/1688732426/system_interrupt.o
 .debug_frame   0x00000c70       0x28 build/default/production/_ext/1688732426/system_exceptions.o
 .debug_frame   0x00000c98       0x28 build/default/production/_ext/1360937237/main.o
 .debug_frame   0x00000cc0       0x28 build/default/production/_ext/1688732426/system_tasks.o
 .debug_frame   0x00000ce8       0x2c c:/program files (x86)/microchip/xc32/v2.05/bin/bin/../../lib/gcc/pic32mx/4.8.3/../../../../pic32mx/lib\libpic32.a(default-bootstrap-exception-handler.o)
 .debug_frame   0x00000d14       0x20 c:/program files (x86)/microchip/xc32/v2.05/bin/bin/../../lib/gcc/pic32mx/4.8.3/../../../../pic32mx/lib\libpic32.a(default-on-reset.o)
 .debug_frame   0x00000d34       0x20 c:/program files (x86)/microchip/xc32/v2.05/bin/bin/../../lib/gcc/pic32mx/4.8.3/../../../../pic32mx/lib\libpic32.a(default-on-bootstrap.o)
 .debug_frame   0x00000d54       0x20 c:/program files (x86)/microchip/xc32/v2.05/bin/bin/../../lib/gcc/pic32mx/4.8.3/../../../../pic32mx/lib\libpic32.a(defaultinterrupt.o)

.debug_str      0x00000000      0x7de
 *(.debug_str)
 .debug_str     0x00000000       0x1d build/default/production/_ext/813635036/sys_int_pic32.o
 .debug_str     0x0000001d       0xa2 build/default/production/_ext/1929468124/drv_usbfs.o
 .debug_str     0x000000bf      0x2d7 build/default/production/_ext/425215177/usb_device.o
 .debug_str     0x00000396      0x173 build/default/production/_ext/1929468124/drv_usbfs_device.o
 .debug_str     0x00000509      0x120 build/default/production/_ext/425215177/usb_device_cdc.o
 .debug_str     0x00000629        0xe build/default/production/_ext/425215177/usb_device_cdc_acm.o
 .debug_str     0x00000637       0x2c build/default/production/_ext/1360937237/app.o
 .debug_str     0x00000663       0x46 build/default/production/_ext/639803181/sys_clk_pic32mx.o
 .debug_str     0x000006a9       0x16 build/default/production/_ext/340578644/sys_devcon.o
 .debug_str     0x000006bf        0x6 build/default/production/_ext/340578644/sys_devcon_pic32mx.o
 .debug_str     0x000006c5      0x119 build/default/production/_ext/1688732426/system_init.o
 .debug_str     0x000007de        0x0 build/default/production/_ext/1688732426/system_interrupt.o
 .debug_str     0x000007de        0x0 build/default/production/_ext/1688732426/system_exceptions.o
 .debug_str     0x000007de        0x0 build/default/production/_ext/1360937237/main.o
 .debug_str     0x000007de        0x0 build/default/production/_ext/1688732426/system_tasks.o
 .debug_str     0x000007de        0x0 c:/program files (x86)/microchip/xc32/v2.05/bin/bin/../../lib/gcc/pic32mx/4.8.3/../../../../pic32mx/lib\libpic32.a(default-bootstrap-exception-handler.o)
 .debug_str     0x000007de        0x0 c:/program files (x86)/microchip/xc32/v2.05/bin/bin/../../lib/gcc/pic32mx/4.8.3/../../../../pic32mx/lib\libpic32.a(default-on-reset.o)
 .debug_str     0x000007de        0x0 c:/program files (x86)/microchip/xc32/v2.05/bin/bin/../../lib/gcc/pic32mx/4.8.3/../../../../pic32mx/lib\libpic32.a(default-on-bootstrap.o)
 .debug_str     0x000007de        0x0 c:/program files (x86)/microchip/xc32/v2.05/bin/bin/../../lib/gcc/pic32mx/4.8.3/../../../../pic32mx/lib\libpic32.a(defaultinterrupt.o)

.debug_loc      0x00000000     0x5838
 *(.debug_loc)
 .debug_loc     0x00000000       0x7c build/default/production/_ext/813635036/sys_int_pic32.o
 .debug_loc     0x0000007c      0x4d6 build/default/production/_ext/1929468124/drv_usbfs.o
 .debug_loc     0x00000552     0x1f0d build/default/production/_ext/425215177/usb_device.o
 .debug_loc     0x0000245f     0x20bf build/default/production/_ext/1929468124/drv_usbfs_device.o
 .debug_loc     0x0000451e      0xdac build/default/production/_ext/425215177/usb_device_cdc.o
 .debug_loc     0x000052ca      0x1ff build/default/production/_ext/425215177/usb_device_cdc_acm.o
 .debug_loc     0x000054c9       0x14 build/default/production/_ext/1360937237/app.o
 .debug_loc     0x000054dd       0x49 build/default/production/_ext/639803181/sys_clk_pic32mx.o
 .debug_loc     0x00005526       0xf0 build/default/production/_ext/340578644/sys_devcon.o
 .debug_loc     0x00005616       0x91 build/default/production/_ext/340578644/sys_devcon_pic32mx.o
 .debug_loc     0x000056a7       0x21 build/default/production/_ext/1688732426/system_init.o
 .debug_loc     0x000056c8      0x144 build/default/production/_ext/1688732426/system_interrupt.o
 .debug_loc     0x0000580c       0x2c c:/program files (x86)/microchip/xc32/v2.05/bin/bin/../../lib/gcc/pic32mx/4.8.3/../../../../pic32mx/lib\libpic32.a(default-bootstrap-exception-handler.o)

.debug_macinfo
 *(.debug_macinfo)

.debug_weaknames
 *(.debug_weaknames)

.debug_funcnames
 *(.debug_funcnames)

.debug_typenames
 *(.debug_typenames)

.debug_varnames
 *(.debug_varnames)

.debug_pubtypes
 *(.debug_pubtypes)

.debug_ranges   0x00000000      0x518
 *(.debug_ranges)
 .debug_ranges  0x00000000       0x50 build/default/production/_ext/813635036/sys_int_pic32.o
 .debug_ranges  0x00000050       0x50 build/default/production/_ext/1929468124/drv_usbfs.o
 .debug_ranges  0x000000a0      0x190 build/default/production/_ext/425215177/usb_device.o
 .debug_ranges  0x00000230       0xf8 build/default/production/_ext/1929468124/drv_usbfs_device.o
 .debug_ranges  0x00000328       0x78 build/default/production/_ext/425215177/usb_device_cdc.o
 .debug_ranges  0x000003a0       0x10 build/default/production/_ext/425215177/usb_device_cdc_acm.o
 .debug_ranges  0x000003b0       0x18 build/default/production/_ext/1360937237/app.o
 .debug_ranges  0x000003c8       0x40 build/default/production/_ext/639803181/sys_clk_pic32mx.o
 .debug_ranges  0x00000408       0x68 build/default/production/_ext/340578644/sys_devcon.o
 .debug_ranges  0x00000470       0x10 build/default/production/_ext/340578644/sys_devcon_pic32mx.o
 .debug_ranges  0x00000480       0x10 build/default/production/_ext/1688732426/system_init.o
 .debug_ranges  0x00000490       0x18 build/default/production/_ext/1688732426/system_interrupt.o
 .debug_ranges  0x000004a8       0x10 build/default/production/_ext/1688732426/system_exceptions.o
 .debug_ranges  0x000004b8       0x10 build/default/production/_ext/1360937237/main.o
 .debug_ranges  0x000004c8       0x10 build/default/production/_ext/1688732426/system_tasks.o
 .debug_ranges  0x000004d8       0x10 c:/program files (x86)/microchip/xc32/v2.05/bin/bin/../../lib/gcc/pic32mx/4.8.3/../../../../pic32mx/lib\libpic32.a(default-bootstrap-exception-handler.o)
 .debug_ranges  0x000004e8       0x10 c:/program files (x86)/microchip/xc32/v2.05/bin/bin/../../lib/gcc/pic32mx/4.8.3/../../../../pic32mx/lib\libpic32.a(default-on-reset.o)
 .debug_ranges  0x000004f8       0x10 c:/program files (x86)/microchip/xc32/v2.05/bin/bin/../../lib/gcc/pic32mx/4.8.3/../../../../pic32mx/lib\libpic32.a(default-on-bootstrap.o)
 .debug_ranges  0x00000508       0x10 c:/program files (x86)/microchip/xc32/v2.05/bin/bin/../../lib/gcc/pic32mx/4.8.3/../../../../pic32mx/lib\libpic32.a(defaultinterrupt.o)

.gnu.attributes
                0x00000000       0x10
 *(.gnu.attributes)
 .gnu.attributes
                0x00000000       0x10 build/default/production/_ext/813635036/sys_int_pic32.o
 .gnu.attributes
                0x00000010       0x10 build/default/production/_ext/1929468124/drv_usbfs.o
 .gnu.attributes
                0x00000020       0x10 build/default/production/_ext/425215177/usb_device.o
 .gnu.attributes
                0x00000030       0x10 build/default/production/_ext/1929468124/drv_usbfs_device.o
 .gnu.attributes
                0x00000040       0x10 build/default/production/_ext/425215177/usb_device_cdc.o
 .gnu.attributes
                0x00000050       0x10 build/default/production/_ext/425215177/usb_device_cdc_acm.o
 .gnu.attributes
                0x00000060       0x10 build/default/production/_ext/1360937237/app.o
 .gnu.attributes
                0x00000070       0x10 build/default/production/_ext/639803181/sys_clk_pic32mx.o
 .gnu.attributes
                0x00000080       0x10 build/default/production/_ext/340578644/sys_devcon.o
 .gnu.attributes
                0x00000090       0x10 build/default/production/_ext/340578644/sys_devcon_pic32mx.o
 .gnu.attributes
                0x000000a0       0x10 build/default/production/_ext/1688732426/system_init.o
 .gnu.attributes
                0x000000b0       0x10 build/default/production/_ext/1688732426/system_interrupt.o
 .gnu.attributes
                0x000000c0       0x10 build/default/production/_ext/1688732426/system_exceptions.o
 .gnu.attributes
                0x000000d0       0x10 build/default/production/_ext/1360937237/main.o
 .gnu.attributes
                0x000000e0       0x10 build/default/production/_ext/1688732426/system_tasks.o
 .gnu.attributes
                0x000000f0       0x10 c:/program files (x86)/microchip/xc32/v2.05/bin/bin/../../lib/gcc/pic32mx/4.8.3/../../../../pic32mx/lib\libpic32.a(default-bootstrap-exception-handler.o)
 .gnu.attributes
                0x00000100       0x10 c:/program files (x86)/microchip/xc32/v2.05/bin/bin/../../lib/gcc/pic32mx/4.8.3/../../../../pic32mx/lib\libpic32.a(default-on-reset.o)
 .gnu.attributes
                0x00000110       0x10 c:/program files (x86)/microchip/xc32/v2.05/bin/bin/../../lib/gcc/pic32mx/4.8.3/../../../../pic32mx/lib\libpic32.a(default-on-bootstrap.o)
 .gnu.attributes
                0x00000120       0x10 c:/program files (x86)/microchip/xc32/v2.05/bin/bin/../../lib/gcc/pic32mx/4.8.3/../../../../pic32mx/lib\libpic32.a(defaultinterrupt.o)
LOAD c:/program files (x86)/microchip/xc32/v2.05/bin/bin/../../lib/gcc/pic32mx/4.8.3\libgcc.a
START GROUP
LOAD c:/program files (x86)/microchip/xc32/v2.05/bin/bin/../../lib/gcc/pic32mx/4.8.3/../../../../pic32mx/lib\libpic32.a
LOAD c:/program files (x86)/microchip/xc32/v2.05/bin/bin/../../lib/gcc/pic32mx/4.8.3/../../../../pic32mx/lib\libdebug.a
LOAD c:/program files (x86)/microchip/xc32/v2.05/bin/bin/../../lib/gcc/pic32mx/4.8.3/../../../../pic32mx/lib\libpic32.a
LOAD c:/program files (x86)/microchip/xc32/v2.05/bin/bin/../../lib/gcc/pic32mx/4.8.3/../../../../pic32mx/lib\libc.a
LOAD c:/program files (x86)/microchip/xc32/v2.05/bin/bin/../../lib/gcc/pic32mx/4.8.3/../../../../pic32mx/lib\libc.a
LOAD c:/program files (x86)/microchip/xc32/v2.05/bin/bin/../../lib/gcc/pic32mx/4.8.3/../../../../pic32mx/lib\libm.a
LOAD c:/program files (x86)/microchip/xc32/v2.05/bin/bin/../../lib/gcc/pic32mx/4.8.3/../../../../pic32mx/lib\libe.a
LOAD c:/program files (x86)/microchip/xc32/v2.05/bin/bin/../../lib/gcc/pic32mx/4.8.3/../../../../pic32mx/lib\libdsp.a
LOAD c:/program files (x86)/microchip/xc32/v2.05/bin/bin/../../lib/gcc/pic32mx/4.8.3\libgcc.a
LOAD c:/program files (x86)/microchip/xc32/v2.05/bin/bin/../../lib/gcc/pic32mx/4.8.3/../../../../pic32mx/lib\libpic32.a
END GROUP
LOAD c:/program files (x86)/microchip/xc32/v2.05/bin/bin/../../lib/gcc/pic32mx/4.8.3\libgcc.a
OUTPUT(dist/default/production/FinalProject.X.production.elf elf32-tradlittlemips)
LOAD stack
LOAD data_init

.reginfo        0x00000000       0x18
 .reginfo       0x00000000       0x18 c:/program files (x86)/microchip/xc32/v2.05/bin/bin/../../lib/gcc/pic32mx/4.8.3/../../../../pic32mx/lib/./proc/32MX250F128B/crt0_mips32r2.o

.stack          0xa0000440      0x400
 .stack         0xa0000440      0x400 stack

.bss            0xa0000024       0xf4
 .bss           0xa0000024       0xf4 build/default/production/_ext/425215177/usb_device.o

.data           0xa0000118       0x50
 .data          0xa0000118       0x50 build/default/production/_ext/1929468124/drv_usbfs_device.o
                0xa0000118                gDrvUSBFSDeviceInterface

._debug_exception
                0xbfc00480       0x2c
 ._debug_exception
                0xbfc00480       0x2c c:/program files (x86)/microchip/xc32/v2.05/bin/bin/../../lib/gcc/pic32mx/4.8.3/../../../../pic32mx/lib\debug-exception-return.o
                0xbfc00480                __DbgExecReturn

.text._DRV_USBFS_DEVICE_Tasks_ISR
                0x9d000000      0x634
 .text._DRV_USBFS_DEVICE_Tasks_ISR
                0x9d000000      0x634 build/default/production/_ext/1929468124/drv_usbfs_device.o
                0x9d000000                _DRV_USBFS_DEVICE_Tasks_ISR

.text.fpsubadd  0x9d000634      0x278
 .text.fpsubadd
                0x9d000634      0x278 c:/program files (x86)/microchip/xc32/v2.05/bin/bin/../../lib/gcc/pic32mx/4.8.3/../../../../pic32mx/lib\libm.a(fp32subadd.o)
                0x9d000634                fpsub
                0x9d000634                __subsf3
                0x9d00063c                __addsf3
                0x9d00063c                fpadd

.text.Timer4ISR
                0x9d0008ac      0x274
 .text.Timer4ISR
                0x9d0008ac      0x274 build/default/production/_ext/1688732426/system_interrupt.o
                0x9d0008ac                Timer4ISR

.text._USB_DEVICE_ProcessStandardDeviceSetRequests
                0x9d000b20      0x214
 .text._USB_DEVICE_ProcessStandardDeviceSetRequests
                0x9d000b20      0x214 build/default/production/_ext/425215177/usb_device.o
                0x9d000b20                _USB_DEVICE_ProcessStandardDeviceSetRequests

.text.DRV_USBFS_DEVICE_IRPSubmit
                0x9d000d34      0x210
 .text.DRV_USBFS_DEVICE_IRPSubmit
                0x9d000d34      0x210 build/default/production/_ext/1929468124/drv_usbfs_device.o
                0x9d000d34                DRV_USBFS_DEVICE_IRPSubmit

.text._USB_DEVICE_ProcessStandardDeviceGetRequests
                0x9d000f44      0x20c
 .text._USB_DEVICE_ProcessStandardDeviceGetRequests
                0x9d000f44      0x20c build/default/production/_ext/425215177/usb_device.o
                0x9d000f44                _USB_DEVICE_ProcessStandardDeviceGetRequests

.text._USB_DEVICE_ControlTransferHandler
                0x9d001150      0x1fc
 .text._USB_DEVICE_ControlTransferHandler
                0x9d001150      0x1fc build/default/production/_ext/425215177/usb_device.o
                0x9d001150                _USB_DEVICE_ControlTransferHandler

.text.fp32mul   0x9d00134c      0x1bc
 .text.fp32mul  0x9d00134c      0x1bc c:/program files (x86)/microchip/xc32/v2.05/bin/bin/../../lib/gcc/pic32mx/4.8.3/../../../../pic32mx/lib\libm.a(fp32mul.o)
                0x9d00134c                fpmul
                0x9d00134c                __mulsf3

.text.APP_Initialize
                0x9d001508      0x1a4
 .text.APP_Initialize
                0x9d001508      0x1a4 build/default/production/_ext/1360937237/app.o
                0x9d001508                APP_Initialize

.text._USB_DEVICE_Ep0ReceiveCompleteCallback
                0x9d0016ac      0x184
 .text._USB_DEVICE_Ep0ReceiveCompleteCallback
                0x9d0016ac      0x184 build/default/production/_ext/425215177/usb_device.o
                0x9d0016ac                _USB_DEVICE_Ep0ReceiveCompleteCallback

.rodata         0x9d001830      0x17c
 .rodata        0x9d001830      0x17c build/default/production/_ext/1688732426/system_init.o
                0x9d001830                usbDevInitData
                0x9d001864                usbMasterDescriptor
                0x9d001890                stringDescriptors
                0x9d00189c                sd002
                0x9d0018cc                sd001
                0x9d001900                sd000
                0x9d001904                fullSpeedConfigDescSet
                0x9d001908                fullSpeedConfigurationDescriptor
                0x9d00194c                deviceDescriptor
                0x9d001960                funcRegistrationTable
                0x9d001974                cdcInit0
                0x9d001980                drvUSBFSInit

.text._USB_DEVICE_CDC_ACMSetUpPacketHandler
                0x9d0019ac      0x174
 .text._USB_DEVICE_CDC_ACMSetUpPacketHandler
                0x9d0019ac      0x174 build/default/production/_ext/425215177/usb_device_cdc_acm.o
                0x9d0019ac                _USB_DEVICE_CDC_ACMSetUpPacketHandler

.text.USB_DEVICE_Tasks
                0x9d001b20      0x170
 .text.USB_DEVICE_Tasks
                0x9d001b20      0x170 build/default/production/_ext/425215177/usb_device.o
                0x9d001b20                USB_DEVICE_Tasks

.text           0x9d001c90      0x168
 .text          0x9d001c90      0x168 c:/program files (x86)/microchip/xc32/v2.05/bin/bin/../../lib/gcc/pic32mx/4.8.3/../../../../pic32mx/lib\libpic32.a(memcpy.o)
                0x9d001c90                memcpy

.text.USB_DEVICE_Initialize
                0x9d001df8      0x15c
 .text.USB_DEVICE_Initialize
                0x9d001df8      0x15c build/default/production/_ext/425215177/usb_device.o
                0x9d001df8                USB_DEVICE_Initialize

.text.DRV_USBFS_DEVICE_EndpointEnable
                0x9d001f54      0x150
 .text.DRV_USBFS_DEVICE_EndpointEnable
                0x9d001f54      0x150 build/default/production/_ext/1929468124/drv_usbfs_device.o
                0x9d001f54                DRV_USBFS_DEVICE_EndpointEnable

.text._USB_DEVICE_CDC_Initialization
                0x9d0020a4      0x14c
 .text._USB_DEVICE_CDC_Initialization
                0x9d0020a4      0x14c build/default/production/_ext/425215177/usb_device_cdc.o
                0x9d0020a4                _USB_DEVICE_CDC_Initialization

.text.DRV_USBFS_DEVICE_EndpointStall
                0x9d0021f0      0x140
 .text.DRV_USBFS_DEVICE_EndpointStall
                0x9d0021f0      0x140 build/default/production/_ext/1929468124/drv_usbfs_device.o
                0x9d0021f0                DRV_USBFS_DEVICE_EndpointStall

.text.DRV_USBFS_Initialize
                0x9d002330      0x13c
 .text.DRV_USBFS_Initialize
                0x9d002330      0x13c build/default/production/_ext/1929468124/drv_usbfs.o
                0x9d002330                DRV_USBFS_Initialize

.text.DRV_USBFS_DEVICE_IRPCancelAll
                0x9d00246c      0x13c
 .text.DRV_USBFS_DEVICE_IRPCancelAll
                0x9d00246c      0x13c build/default/production/_ext/1929468124/drv_usbfs_device.o
                0x9d00246c                DRV_USBFS_DEVICE_IRPCancelAll

.text.DRV_USBFS_DEVICE_IRPCancel
                0x9d0025a8      0x130
 .text.DRV_USBFS_DEVICE_IRPCancel
                0x9d0025a8      0x130 build/default/production/_ext/1929468124/drv_usbfs_device.o
                0x9d0025a8                DRV_USBFS_DEVICE_IRPCancel

.text._IntHandlerUSBInstance0
                0x9d0026d8      0x130
 .text._IntHandlerUSBInstance0
                0x9d0026d8      0x130 build/default/production/_ext/1688732426/system_interrupt.o
                0x9d0026d8                _IntHandlerUSBInstance0

.text.DRV_USBFS_DEVICE_EndpointStallClear
                0x9d002808      0x12c
 .text.DRV_USBFS_DEVICE_EndpointStallClear
                0x9d002808      0x12c build/default/production/_ext/1929468124/drv_usbfs_device.o
                0x9d002808                DRV_USBFS_DEVICE_EndpointStallClear

.rodata         0x9d002934      0x128
 .rodata        0x9d002934      0x128 build/default/production/_ext/1688732426/system_exceptions.o

.text._USB_DEVICE_ConfigureDevice
                0x9d002a5c      0x100
 .text._USB_DEVICE_ConfigureDevice
                0x9d002a5c      0x100 build/default/production/_ext/425215177/usb_device.o
                0x9d002a5c                _USB_DEVICE_ConfigureDevice

.text._USB_DEVICE_ProcessStandardEndpointRequest
                0x9d002b5c      0x100
 .text._USB_DEVICE_ProcessStandardEndpointRequest
                0x9d002b5c      0x100 build/default/production/_ext/425215177/usb_device.o
                0x9d002b5c                _USB_DEVICE_ProcessStandardEndpointRequest

.text.DRV_USBFS_DEVICE_EndpointDisable
                0x9d002c5c       0xf8
 .text.DRV_USBFS_DEVICE_EndpointDisable
                0x9d002c5c       0xf8 build/default/production/_ext/1929468124/drv_usbfs_device.o
                0x9d002c5c                DRV_USBFS_DEVICE_EndpointDisable

.text._USB_DEVICE_CDC_ControlTransferHandler
                0x9d002d54       0xf8
 .text._USB_DEVICE_CDC_ControlTransferHandler
                0x9d002d54       0xf8 build/default/production/_ext/425215177/usb_device_cdc.o
                0x9d002d54                _USB_DEVICE_CDC_ControlTransferHandler

.text.general_exception
                0x9d002e4c       0xdc
 .text.general_exception
                0x9d002e4c       0xdc c:/program files (x86)/microchip/xc32/v2.05/bin/bin/../../lib/gcc/pic32mx/4.8.3/../../../../pic32mx/lib\libpic32.a(general-exception.o)
                0x9d002e4c                _general_exception_context

.text._DRV_USBFS_DEVICE_EndpointBDTEntryArm
                0x9d002f28       0xd8
 .text._DRV_USBFS_DEVICE_EndpointBDTEntryArm
                0x9d002f28       0xd8 build/default/production/_ext/1929468124/drv_usbfs_device.o
                0x9d002f28                _DRV_USBFS_DEVICE_EndpointBDTEntryArm

.text._USB_DEVICE_GetStringDescriptorRequestProcess
                0x9d003000       0xd4
 .text._USB_DEVICE_GetStringDescriptorRequestProcess
                0x9d003000       0xd4 build/default/production/_ext/425215177/usb_device.o
                0x9d003000                _USB_DEVICE_GetStringDescriptorRequestProcess

.text._USB_DEVICE_Ep0TransmitCompleteCallback
                0x9d0030d4       0xc0
 .text._USB_DEVICE_Ep0TransmitCompleteCallback
                0x9d0030d4       0xc0 build/default/production/_ext/425215177/usb_device.o
                0x9d0030d4                _USB_DEVICE_Ep0TransmitCompleteCallback

.text.SYS_Initialize
                0x9d003194       0xb8
 .text.SYS_Initialize
                0x9d003194       0xb8 build/default/production/_ext/1688732426/system_init.o
                0x9d003194                SYS_Initialize

.text._USB_DEVICE_DeInitializeAllFunctionDrivers
                0x9d00324c       0xa8
 .text._USB_DEVICE_DeInitializeAllFunctionDrivers
                0x9d00324c       0xa8 build/default/production/_ext/425215177/usb_device.o
                0x9d00324c                _USB_DEVICE_DeInitializeAllFunctionDrivers

.dinit          0x9d0032f4       0xa0
 .dinit         0x9d0032f4       0xa0 data_init

.text._USB_DEVICE_ForwardControlXfrToFunction
                0x9d003394       0x9c
 .text._USB_DEVICE_ForwardControlXfrToFunction
                0x9d003394       0x9c build/default/production/_ext/425215177/usb_device.o
                0x9d003394                _USB_DEVICE_ForwardControlXfrToFunction

.text._USB_DEVICE_GetFunctionDriverEntryByInterface
                0x9d003430       0x84
 .text._USB_DEVICE_GetFunctionDriverEntryByInterface
                0x9d003430       0x84 build/default/production/_ext/425215177/usb_device.o
                0x9d003430                _USB_DEVICE_GetFunctionDriverEntryByInterface

.text._USB_DEVICE_FindEndpoint
                0x9d0034b4       0x84
 .text._USB_DEVICE_FindEndpoint
                0x9d0034b4       0x84 build/default/production/_ext/425215177/usb_device.o
                0x9d0034b4                _USB_DEVICE_FindEndpoint

.text.USB_DEVICE_ControlSend
                0x9d003538       0x84
 .text.USB_DEVICE_ControlSend
                0x9d003538       0x84 build/default/production/_ext/425215177/usb_device.o
                0x9d003538                USB_DEVICE_ControlSend

.text.DRV_USBFS_Tasks_ISR
                0x9d0035bc       0x80
 .text.DRV_USBFS_Tasks_ISR
                0x9d0035bc       0x80 build/default/production/_ext/1929468124/drv_usbfs.o
                0x9d0035bc                DRV_USBFS_Tasks_ISR

.text.fptoli    0x9d00363c       0x80
 .text.fptoli   0x9d00363c       0x80 c:/program files (x86)/microchip/xc32/v2.05/bin/bin/../../lib/gcc/pic32mx/4.8.3/../../../../pic32mx/lib\libm.a(fptoli.o)
                0x9d00363c                fptoli
                0x9d00363c                fptosi
                0x9d00363c                __fixsfsi

.text.USB_DEVICE_ControlStatus
                0x9d0036bc       0x7c
 .text.USB_DEVICE_ControlStatus
                0x9d0036bc       0x7c build/default/production/_ext/425215177/usb_device.o
                0x9d0036bc                USB_DEVICE_ControlStatus

.text.DRV_USBFS_DEVICE_Attach
                0x9d003738       0x70
 .text.DRV_USBFS_DEVICE_Attach
                0x9d003738       0x70 build/default/production/_ext/1929468124/drv_usbfs_device.o
                0x9d003738                DRV_USBFS_DEVICE_Attach

.text.DRV_USBFS_ClientEventCallBackSet
                0x9d0037a8       0x6c
 .text.DRV_USBFS_ClientEventCallBackSet
                0x9d0037a8       0x6c build/default/production/_ext/1929468124/drv_usbfs.o
                0x9d0037a8                DRV_USBFS_ClientEventCallBackSet

.text._USB_DEVICE_CDC_Deinitialization
                0x9d003814       0x6c
 .text._USB_DEVICE_CDC_Deinitialization
                0x9d003814       0x6c build/default/production/_ext/425215177/usb_device_cdc.o
                0x9d003814                _USB_DEVICE_CDC_Deinitialization

.text._DRV_USBFS_DEVICE_IRPQueueFlush
                0x9d003880       0x68
 .text._DRV_USBFS_DEVICE_IRPQueueFlush
                0x9d003880       0x68 build/default/production/_ext/1929468124/drv_usbfs_device.o
                0x9d003880                _DRV_USBFS_DEVICE_IRPQueueFlush

.text.sitofp    0x9d0038e8       0x60
 .text.sitofp   0x9d0038e8       0x60 c:/program files (x86)/microchip/xc32/v2.05/bin/bin/../../lib/gcc/pic32mx/4.8.3/../../../../pic32mx/lib\libm.a(sitofp.o)
                0x9d0038e8                __floatsisf
                0x9d0038e8                litofp
                0x9d0038e8                sitofp

.text.USB_DEVICE_EndpointEnable
                0x9d003948       0x5c
 .text.USB_DEVICE_EndpointEnable
                0x9d003948       0x5c build/default/production/_ext/425215177/usb_device.o
                0x9d003948                USB_DEVICE_EndpointEnable

.text.SYS_CLK_Initialize
                0x9d0039a4       0x58
 .text.SYS_CLK_Initialize
                0x9d0039a4       0x58 build/default/production/_ext/639803181/sys_clk_pic32mx.o
                0x9d0039a4                SYS_CLK_Initialize

.text.SYS_DEVCON_SystemUnlock
                0x9d0039fc       0x58
 .text.SYS_DEVCON_SystemUnlock
                0x9d0039fc       0x58 build/default/production/_ext/340578644/sys_devcon.o
                0x9d0039fc                SYS_DEVCON_SystemUnlock

.text.SYS_DEVCON_PerformanceConfig
                0x9d003a54       0x58
 .text.SYS_DEVCON_PerformanceConfig
                0x9d003a54       0x58 build/default/production/_ext/340578644/sys_devcon_pic32mx.o
                0x9d003a54                SYS_DEVCON_PerformanceConfig

.text.main_entry
                0x9d003aac       0x54
 .text.main_entry
                0x9d003aac       0x54 c:/program files (x86)/microchip/xc32/v2.05/bin/bin/../../lib/gcc/pic32mx/4.8.3/../../../../pic32mx/lib/./proc/32MX250F128B/crt0_mips32r2.o
                0x9d003ae0                __crt0_exit

.text.SYS_INT_SourceDisable
                0x9d003b00       0x54
 .text.SYS_INT_SourceDisable
                0x9d003b00       0x54 build/default/production/_ext/813635036/sys_int_pic32.o
                0x9d003b00                SYS_INT_SourceDisable

.text._USB_DEVICE_RedirectControlXfrToClient
                0x9d003b54       0x4c
 .text._USB_DEVICE_RedirectControlXfrToClient
                0x9d003b54       0x4c build/default/production/_ext/425215177/usb_device.o
                0x9d003b54                _USB_DEVICE_RedirectControlXfrToClient

.text.DRV_USBFS_DEVICE_Detach
                0x9d003ba0       0x4c
 .text.DRV_USBFS_DEVICE_Detach
                0x9d003ba0       0x4c build/default/production/_ext/1929468124/drv_usbfs_device.o
                0x9d003ba0                DRV_USBFS_DEVICE_Detach

.text._USB_DEVICE_CDC_EndpointDisable
                0x9d003bec       0x4c
 .text._USB_DEVICE_CDC_EndpointDisable
                0x9d003bec       0x4c build/default/production/_ext/425215177/usb_device_cdc.o
                0x9d003bec                _USB_DEVICE_CDC_EndpointDisable

.text.USB_DEVICE_EndpointDisable
                0x9d003c38       0x48
 .text.USB_DEVICE_EndpointDisable
                0x9d003c38       0x48 build/default/production/_ext/425215177/usb_device.o
                0x9d003c38                USB_DEVICE_EndpointDisable

.text.USB_DEVICE_IRPCancelAll
                0x9d003c80       0x48
 .text.USB_DEVICE_IRPCancelAll
                0x9d003c80       0x48 build/default/production/_ext/425215177/usb_device.o
                0x9d003c80                USB_DEVICE_IRPCancelAll

.text.SYS_DEVCON_SystemLock
                0x9d003cc8       0x48
 .text.SYS_DEVCON_SystemLock
                0x9d003cc8       0x48 build/default/production/_ext/340578644/sys_devcon.o
                0x9d003cc8                SYS_DEVCON_SystemLock

.text._bootstrap_exception_handler
                0x9d003d10       0x48
 .text._bootstrap_exception_handler
                0x9d003d10       0x48 c:/program files (x86)/microchip/xc32/v2.05/bin/bin/../../lib/gcc/pic32mx/4.8.3/../../../../pic32mx/lib\libpic32.a(default-bootstrap-exception-handler.o)
                0x9d003d10                _bootstrap_exception_handler

.vector_default
                0x9d003d58       0x48
 .vector_default
                0x9d003d58       0x48 c:/program files (x86)/microchip/xc32/v2.05/bin/bin/../../lib/gcc/pic32mx/4.8.3/../../../../pic32mx/lib\libpic32.a(defaultinterrupt.o)
                0x9d003d58                _DefaultInterrupt

.text.DRV_USBFS_Open
                0x9d003da0       0x44
 .text.DRV_USBFS_Open
                0x9d003da0       0x44 build/default/production/_ext/1929468124/drv_usbfs.o
                0x9d003da0                DRV_USBFS_Open

.text           0x9d003de4       0x44
 .text          0x9d003de4       0x44 c:/program files (x86)/microchip/xc32/v2.05/bin/bin/../../lib/gcc/pic32mx/4.8.3/../../../../pic32mx/lib\pic32_software_reset.o
                0x9d003de4                __pic32_software_reset

.text.DRV_USBFS_DEVICE_EndpointIsEnabled
                0x9d003e28       0x40
 .text.DRV_USBFS_DEVICE_EndpointIsEnabled
                0x9d003e28       0x40 build/default/production/_ext/1929468124/drv_usbfs_device.o
                0x9d003e28                DRV_USBFS_DEVICE_EndpointIsEnabled

.text.DRV_USBFS_DEVICE_EndpointIsStalled
                0x9d003e68       0x40
 .text.DRV_USBFS_DEVICE_EndpointIsStalled
                0x9d003e68       0x40 build/default/production/_ext/1929468124/drv_usbfs_device.o
                0x9d003e68                DRV_USBFS_DEVICE_EndpointIsStalled

.text._general_exception_handler
                0x9d003ea8       0x40
 .text._general_exception_handler
                0x9d003ea8       0x40 build/default/production/_ext/1688732426/system_exceptions.o
                0x9d003ea8                _general_exception_handler

.text.DRV_USBFS_DEVICE_SOFNumberGet
                0x9d003ee8       0x34
 .text.DRV_USBFS_DEVICE_SOFNumberGet
                0x9d003ee8       0x34 build/default/production/_ext/1929468124/drv_usbfs_device.o
                0x9d003ee8                DRV_USBFS_DEVICE_SOFNumberGet

.text.DRV_USBFS_Close
                0x9d003f1c       0x2c
 .text.DRV_USBFS_Close
                0x9d003f1c       0x2c build/default/production/_ext/1929468124/drv_usbfs.o
                0x9d003f1c                DRV_USBFS_Close

.text._DRV_USBFS_DEVICE_Initialize
                0x9d003f48       0x2c
 .text._DRV_USBFS_DEVICE_Initialize
                0x9d003f48       0x2c build/default/production/_ext/1929468124/drv_usbfs_device.o
                0x9d003f48                _DRV_USBFS_DEVICE_Initialize

.text.SYS_Tasks
                0x9d003f74       0x2c
 .text.SYS_Tasks
                0x9d003f74       0x2c build/default/production/_ext/1688732426/system_tasks.o
                0x9d003f74                SYS_Tasks

.text._USB_DEVICE_ClientHandleValidate
                0x9d003fa0       0x28
 .text._USB_DEVICE_ClientHandleValidate
                0x9d003fa0       0x28 build/default/production/_ext/425215177/usb_device.o
                0x9d003fa0                _USB_DEVICE_ClientHandleValidate

.text.DRV_USBFS_DEVICE_AddressSet
                0x9d003fc8       0x28
 .text.DRV_USBFS_DEVICE_AddressSet
                0x9d003fc8       0x28 build/default/production/_ext/1929468124/drv_usbfs_device.o
                0x9d003fc8                DRV_USBFS_DEVICE_AddressSet

.text.DRV_USBFS_DEVICE_RemoteWakeupStart
                0x9d003ff0       0x28
 .text.DRV_USBFS_DEVICE_RemoteWakeupStart
                0x9d003ff0       0x28 build/default/production/_ext/1929468124/drv_usbfs_device.o
                0x9d003ff0                DRV_USBFS_DEVICE_RemoteWakeupStart

.text.DRV_USBFS_DEVICE_RemoteWakeupStop
                0x9d004018       0x28
 .text.DRV_USBFS_DEVICE_RemoteWakeupStop
                0x9d004018       0x28 build/default/production/_ext/1929468124/drv_usbfs_device.o
                0x9d004018                DRV_USBFS_DEVICE_RemoteWakeupStop

.text._USB_DEVICE_CDC_GlobalInitialize
                0x9d004040       0x20
 .text._USB_DEVICE_CDC_GlobalInitialize
                0x9d004040       0x20 build/default/production/_ext/425215177/usb_device_cdc.o
                0x9d004040                _USB_DEVICE_CDC_GlobalInitialize

.text.main      0x9d004060       0x20
 .text.main     0x9d004060       0x20 build/default/production/_ext/1360937237/main.o
                0x9d004060                main

.text.APP_Tasks
                0x9d004080       0x18
 .text.APP_Tasks
                0x9d004080       0x18 build/default/production/_ext/1360937237/app.o
                0x9d004080                APP_Tasks

.text           0x9d004098       0x18
 .text          0x9d004098       0x18 c:/program files (x86)/microchip/xc32/v2.05/bin/bin/../../lib/gcc/pic32mx/4.8.3/../../../../pic32mx/lib\libpic32.a(default-nmi-handler.o)
                0x9d004098                _nmi_handler

.text.SYS_INT_Initialize
                0x9d0040b0       0x14
 .text.SYS_INT_Initialize
                0x9d0040b0       0x14 build/default/production/_ext/813635036/sys_int_pic32.o
                0x9d0040b0                SYS_INT_Initialize

.text.DRV_USBFS_DEVICE_CurrentSpeedGet
                0x9d0040c4       0x14
 .text.DRV_USBFS_DEVICE_CurrentSpeedGet
                0x9d0040c4       0x14 build/default/production/_ext/1929468124/drv_usbfs_device.o
                0x9d0040c4                DRV_USBFS_DEVICE_CurrentSpeedGet

.rodata         0x9d0040d8       0x14
 .rodata        0x9d0040d8       0x14 build/default/production/_ext/425215177/usb_device_cdc.o
                0x9d0040d8                cdcFunctionDriver

.text.SYS_DEVCON_Initialize
                0x9d0040ec       0x14
 .text.SYS_DEVCON_Initialize
                0x9d0040ec       0x14 build/default/production/_ext/340578644/sys_devcon.o
                0x9d0040ec                SYS_DEVCON_Initialize

.text.SYS_CLK_SystemFrequencyGet
                0x9d004100        0xc
 .text.SYS_CLK_SystemFrequencyGet
                0x9d004100        0xc build/default/production/_ext/639803181/sys_clk_pic32mx.o
                0x9d004100                SYS_CLK_SystemFrequencyGet

.text.DRV_USBFS_Tasks
                0x9d00410c        0x8
 .text.DRV_USBFS_Tasks
                0x9d00410c        0x8 build/default/production/_ext/1929468124/drv_usbfs.o
                0x9d00410c                DRV_USBFS_Tasks

.text._on_reset
                0x9d004114        0x8
 .text._on_reset
                0x9d004114        0x8 c:/program files (x86)/microchip/xc32/v2.05/bin/bin/../../lib/gcc/pic32mx/4.8.3/../../../../pic32mx/lib\libpic32.a(default-on-reset.o)
                0x9d004114                _on_reset

.text._on_bootstrap
                0x9d00411c        0x8
 .text._on_bootstrap
                0x9d00411c        0x8 c:/program files (x86)/microchip/xc32/v2.05/bin/bin/../../lib/gcc/pic32mx/4.8.3/../../../../pic32mx/lib\libpic32.a(default-on-bootstrap.o)
                0x9d00411c                _on_bootstrap
